// Jest Snapshot v1, https://goo.gl/fbAQLP

exports[`UserSettings Mount 1`] = `
<div
  className="sc-bZQynM Ygzij"
>
  <div
    className="sc-htpNat hwVXPq"
    cursor="auto"
    width={0.7}
  >
    <div
      className="sc-htpNat bWSHjv"
      cursor="auto"
    >
      <h1
        className="sc-bdVaJa jOPwGr"
        cursor="inherit"
        fontSize={6}
      >
        Change Password
      </h1>
    </div>
    <div
      className="sc-bZQynM bTpYSl"
    >
      <div
        className="sc-htpNat dCbdhM"
        cursor="auto"
        width={1}
      >
        <div
          className="sc-htpNat sc-jTzLTM kNEtzm"
        />
        <form
          onSubmit={[Function]}
        >
          <div
            className="sc-htpNat dQLcuo"
            cursor="auto"
          >
            <label
              className="sc-ckVGcZ gXhFce"
              color="black"
              fontSize={1}
              fontWeight="bold"
            >
              Current Password
              <input
                className="sc-chPdSV ktXeRQ"
                id="default"
                onChange={[Function]}
                placeholder="Current password"
                type="password"
                value=""
              />
            </label>
          </div>
          <div
            className="sc-htpNat dQLcuo"
            cursor="auto"
          >
            <label
              className="sc-ckVGcZ gXhFce"
              color="black"
              fontSize={1}
              fontWeight="bold"
            >
              New Password
              <input
                className="sc-chPdSV ktXeRQ"
                id="default"
                onChange={[Function]}
                placeholder="New password"
                type="password"
                value=""
              />
            </label>
          </div>
          <div
            className="sc-htpNat dQLcuo"
            cursor="auto"
          >
            <label
              className="sc-ckVGcZ gXhFce"
              color="black"
              fontSize={1}
              fontWeight="bold"
            >
              Repeat new password
              <input
                className="sc-chPdSV ktXeRQ"
                id="default"
                onChange={[Function]}
                placeholder="Repeat password"
                type="password"
                value=""
              />
            </label>
          </div>
          <button
            className="sc-htoDjs hpPnDS"
            color="green"
            type="submit"
          >
            Change password
          </button>
        </form>
        <h1
          className="sc-bdVaJa jOPwGr"
          cursor="inherit"
          fontSize={6}
        >
          Two Factor Authentication
        </h1>
        <b>
          You do NOT have a 2FA device connected to your account
        </b>
        <hr
          className="sc-VigVT kXJjWb"
        />
        <div>
          <h3
            className="sc-bdVaJa bNfRTK"
            cursor="inherit"
            fontSize={4}
          >
            2FA Setup
          </h3>
          <p>
            In order to activate 2FA on your account you must have a device capable of issuing time-based one time passwords (TOTP). For this we recommend the "Google Authenticator" app, available for both Android and iOS.
          </p>
          <div
            className="sc-bZQynM bqIUrb"
          >
            <a
              href="https://play.google.com/store/apps/details?id=com.google.android.apps.authenticator2&hl=en_us"
              rel="noopener"
              target="_blank"
            >
              <img
                className="sc-kAzzGY kHvfeN"
                src={[Function]}
                width="150px"
              />
            </a>
            <a
              href="https://itunes.apple.com/us/app/google-authenticator/id388497605"
              rel="noopener"
              target="_blank"
            >
              <img
                className="sc-kAzzGY kHvfeN"
                src={[Function]}
                width="150px"
              />
            </a>
          </div>
          <p>
            Once you are ready click the button below to get started:
          </p>
          <button
            className="sc-htoDjs dacUeo"
            color="green"
            content="Start setup"
            disabled={true}
            onClick={[Function]}
          >
            <svg
              className="sc-gzVnrw kudwwP"
              cursor="inherit"
              fill="currentcolor"
              height={24}
              id="outer_ellipsis_svg__Layer_1"
              viewBox="0 0 24 24"
              width={24}
              x={0}
              xmlSpace="preserve"
              y={0}
            >
              <style />
              <ellipse
                cx={5}
                cy={12}
                rx={3}
                ry={3}
              />
              <ellipse
                cx={19}
                cy={12}
                rx={3}
                ry={3}
              />
            </svg>
          </button>
        </div>
      </div>
      <div
        className="sc-htpNat sc-jTzLTM eGihWZ"
        width={
          Array [
            0,
            0,
          ]
        }
      >
        <div
          className="sc-htpNat fsPsYE"
          cursor="auto"
        />
      </div>
    </div>
  </div>
</div>
`;
