// Jest Snapshot v1, https://goo.gl/fbAQLP

exports[`UserSettings Mount 1`] = `
<div
  className="sc-jzJRlG btgqKG"
>
  <div
    className="sc-gqjmRU gancRw"
    width={0.7}
  >
    <div
      className="sc-jzJRlG wOIhZ"
    >
      <div
        className="sc-gqjmRU dyPuak"
        width={
          Array [
            1,
            1,
          ]
        }
      >
        <div
          className="sc-jKJlTe gZLhrm"
        />
        <h1
          className="sc-bZQynM ynGKB"
          fontSize={6}
        >
          Change Password
        </h1>
        <form
          onSubmit={[Function]}
        >
          <div
            className="sc-gqjmRU dIxMCE"
          >
            <label
              className="sc-eHgmQL iZInyd"
              color="black"
              fontSize={1}
              fontWeight="bold"
            >
              Current Password
              <input
                className="sc-hMqMXs fEjiDm"
                id="default"
                onChange={[Function]}
                placeholder="Current password"
                type="password"
                value=""
              />
            </label>
          </div>
          <div
            className="sc-gqjmRU dIxMCE"
          >
            <label
              className="sc-eHgmQL iZInyd"
              color="black"
              fontSize={1}
              fontWeight="bold"
            >
              New Password
              <input
                className="sc-hMqMXs fEjiDm"
                id="default"
                onChange={[Function]}
                placeholder="New password"
                type="password"
                value=""
              />
            </label>
          </div>
          <div
            className="sc-gqjmRU dIxMCE"
          >
            <label
              className="sc-eHgmQL iZInyd"
              color="black"
              fontSize={1}
              fontWeight="bold"
            >
              Repeat new password
              <input
                className="sc-hMqMXs fEjiDm"
                id="default"
                onChange={[Function]}
                placeholder="Repeat password"
                type="password"
                value=""
              />
            </label>
          </div>
          <button
            className="sc-kAzzGY kSKjoQ"
            color="green"
            type="submit"
          >
            Change password
          </button>
        </form>
        <h1
          className="sc-bZQynM ynGKB"
          fontSize={6}
        >
          Two Factor Authentication
        </h1>
        <b>
          You do NOT have a 2FA device connected to your account
        </b>
        <hr
          className="sc-ckVGcZ ioPoAa"
        />
        <div>
          <h3
            className="sc-htoDjs fRPTcT"
            fontSize={4}
          >
            2FA Setup
          </h3>
          <p>
            In order to activate 2FA on your account you must have a device capable of issuing time-based one time passwords (TOTP). For this we recommend the "Google Authenticator" app, available for both Android and iOS.
          </p>
          <div
            className="sc-jzJRlG fxUBys"
          >
            <a
              href="https://play.google.com/store/apps/details?id=com.google.android.apps.authenticator2&hl=en_us"
              rel="noopener"
              target="_blank"
            >
              <img
                className="sc-eNQAEJ igWSva"
                src={[Function]}
                width="150px"
              />
            </a>
            <a
              href="https://itunes.apple.com/us/app/google-authenticator/id388497605"
              rel="noopener"
              target="_blank"
            >
              <img
                className="sc-eNQAEJ igWSva"
                src={[Function]}
                width="150px"
              />
            </a>
          </div>
          <p>
            Once you are ready click the button below to get started:
          </p>
          <button
            className="sc-kAzzGY zrsOo"
            color="green"
            disabled={true}
            onClick={[Function]}
          >
            <i
              className="fas fa-circle-notch fa-spin"
            />
          </button>
        </div>
      </div>
      <div
        className="sc-jKJlTe dxHpjl"
        width={
          Array [
            0,
            0,
          ]
        }
      >
        <div
          className="sc-gqjmRU kGYJXK"
        />
      </div>
    </div>
  </div>
</div>
`;
