// Jest Snapshot v1, https://goo.gl/fbAQLP

exports[`Header Mount header 1`] = `
.c2 {
  display: -webkit-box;
  display: -webkit-flex;
  display: -ms-flexbox;
  display: flex;
  margin-left: 15px;
  -webkit-align-items: center;
  -webkit-box-align: center;
  -ms-flex-align: center;
  align-items: center;
}

.c21 {
  display: -webkit-box;
  display: -webkit-flex;
  display: -ms-flexbox;
  display: flex;
  width: 48px;
  -webkit-box-pack: center;
  -webkit-justify-content: center;
  -ms-flex-pack: center;
  justify-content: center;
}

.c24 {
  display: -webkit-box;
  display: -webkit-flex;
  display: -ms-flexbox;
  display: flex;
}

.c27 {
  display: -webkit-box;
  display: -webkit-flex;
  display: -ms-flexbox;
  display: flex;
  margin-left: 8px;
  margin-right: 8px;
  width: 60px;
  height: 48px;
  -webkit-align-items: center;
  -webkit-box-align: center;
  -ms-flex-align: center;
  align-items: center;
  overflow: hidden;
}

.c6 {
  margin-left: auto;
}

.c20 {
  margin-right: auto;
}

.c22 {
  width: 24px;
}

.c11 {
  position: absolute;
  top: 7px;
  left: 6px;
}

.c16 {
  position: absolute;
  top: -12.5px;
  bottom: 0;
  left: -22px;
  right: 12px;
}

.c3 {
  -webkit-flex: none;
  -ms-flex: none;
  flex: none;
  vertical-align: middle;
  cursor: inherit;
}

.c17 {
  -webkit-flex: none;
  -ms-flex: none;
  flex: none;
  vertical-align: middle;
  cursor: pointer;
}

.c19 {
  -webkit-flex: none;
  -ms-flex: none;
  flex: none;
  vertical-align: middle;
  cursor: pointer;
  margin-right: 3px;
}

.c23 {
  -webkit-flex: none;
  -ms-flex: none;
  flex: none;
  vertical-align: middle;
  cursor: inherit;
  color: #fff;
}

.c26 {
  -webkit-flex: none;
  -ms-flex: none;
  flex: none;
  vertical-align: middle;
  cursor: pointer;
  color: #fff;
}

.c5 {
  cursor: inherit;
  font-size: 24px;
  margin-left: 8px;
  color: #fff;
}

.c15 {
  cursor: pointer;
}

.c10 {
  display: block;
  font-family: inherit;
  background-color: transparent;
  color: var(--black,#f00);
  margin: 0;
  border-width: 0px;
  padding-left: 30px;
  padding-right: 28px;
  padding-top: 6px;
  padding-bottom: 6px;
  border-radius: 5px;
  width: 100%;
}

.c10::-webkit-input-placeholder {
  color: var(--gray,#f00);
}

.c10::-moz-placeholder {
  color: var(--gray,#f00);
}

.c10:-ms-input-placeholder {
  color: var(--gray,#f00);
}

.c10::placeholder {
  color: var(--gray,#f00);
}

.c10:focus {
  outline: none;
  background-color: transparent;
}

.c10:disabled {
  background-color: var(--FtFolderColor2,#f00);
}

.c12 {
  font-size: 10px;
  -webkit-letter-spacing: 0.2px;
  -moz-letter-spacing: 0.2px;
  -ms-letter-spacing: 0.2px;
  letter-spacing: 0.2px;
  display: block;
  margin: 0;
  font-size: 14px;
  color: #000;
  font-weight: 700;
  width: 100%;
}

.c1 {
  cursor: pointer;
  -webkit-text-decoration: none;
  text-decoration: none;
  color: #1e252e;
}

.c1:hover {
  color: var(--textHighlight);
}

.c8 {
  position: relative;
}

.c25 {
  position: relative;
  top: 0;
  left: 0;
}

.c14 {
  position: relative;
  display: inline-block;
}

.c14:hover > div {
  display: block;
}

.c0 {
  display: -webkit-box;
  display: -webkit-flex;
  display: -ms-flexbox;
  display: flex;
  color: #fff;
  background-color: #006aff;
  height: 48px;
  -webkit-align-items: center;
  -webkit-box-align: center;
  -ms-flex-align: center;
  align-items: center;
  position: fixed;
  top: 0;
  width: 100%;
  z-index: 100;
  box-shadow: 0px 3px 3px -2px rgba(0,0,0,0.2),0px 3px 4px 0px rgba(0,0,0,.14),0px 1px 8px 0px rgba(0,0,0,.12);
}

.c9 {
  display: -webkit-box;
  display: -webkit-flex;
  display: -ms-flexbox;
  display: flex;
  min-width: 250px;
  width: 425px;
  max-width: 425px;
  height: 36px;
  -webkit-align-items: center;
  -webkit-box-align: center;
  -ms-flex-align: center;
  align-items: center;
  color: white;
  background-color: rgba(236,239,244,0.25);
  border-radius: 5px;
}

.c9 > input::-webkit-input-placeholder,
.c9 input::-moz-placeholder,
.c9 input::-ms-input-placeholder,
.c9 input:-moz-placeholder {
  color: white;
}

.c9 > input:focus::-webkit-input-placeholder,
.c9 input:focus::-moz-placeholder,
.c9 input:focus::-ms-input-placeholder,
.c9 input:focus::-moz-placeholder {
  color: black;
}

.c9 > input:focus ~ div > span > div > svg,
.c9 input:focus + div > label > svg {
  color: black;
}

.c9 > input ~ div > span > div > svg,
.c9 input + div > label > svg {
  color: white;
}

.c9 > input:focus {
  color: black;
  background-color: white;
  -webkit-transition: 150ms;
  transition: 150ms;
}

.c9 > input {
  color: white;
  -webkit-transition: 150ms;
  transition: 150ms;
}

.c9 > .c13 > .c4 > input {
  width: 350px;
  height: 36px;
}

@media screen and (min-width:512px) {

}

@media screen and (min-width:640px) {

}

@media screen and (min-width:768px) {

}

@media screen and (min-width:1024px) {

}

@media screen and (min-width:1280px) {
  .c1 {
    width: 190px;
  }
}

@media screen and (max-width:511px) {
  .c7 {
    display: none;
  }
}

@media screen and (min-width:512px) and (max-width:639px) {
  .c7 {
    display: none;
  }
}

@media screen and (min-width:640px) and (max-width:767px) {
  .c7 {
    display: none;
  }
}

@media screen and (min-width:768px) and (max-width:1023px) {
  .c7 {
    display: none;
  }
}

@media screen and (min-width:1024px) and (max-width:1279px) {
  .c18 {
    display: none;
  }
}

@media screen and (min-width:1280px) {
  .c18 {
    display: none;
  }
}

<div
  className="c0"
  color="headerText"
>
  <a
    className="c1"
    color="text"
    href="/"
    onClick={[Function]}
    width={
      Array [
        null,
        null,
        null,
        null,
        null,
        "190px",
      ]
    }
  >
    <div
      className="c2"
    >
      <svg
        className="c3"
        clipRule="evenodd"
        cursor="inherit"
        fill="currentcolor"
        fillRule="evenodd"
        height="38px"
        strokeLinecap="round"
        viewBox="0 0 1276 1458"
        width="38px"
      >
        <path
          d="M3634.01 7695.94l306.86-590.55-511.43 295.27 204.57 295.28z"
          fill="url(#logo_esc_svg___Linear1)"
          transform="matrix(1 0 0 1 -3303.051 -6967.127)"
        />
        <path
          d="M3429.44 7991.21l204.57-295.27-204.57-295.28v590.55z"
          fill="url(#logo_esc_svg___Linear2)"
          transform="matrix(1 0 0 1 -3303.051 -6967.127)"
        />
        <path
          d="M3940.87 8286.49l-306.86-590.55-204.57 295.27 511.43 295.28z"
          fill="url(#logo_esc_svg___Linear3)"
          transform="matrix(1 0 0 1 -3303.051 -6967.127)"
        />
        <path
          d="M3940.87 8286.49l153.43-324.8-460.29-265.75 306.86 590.55z"
          fill="url(#logo_esc_svg___Linear4)"
          transform="matrix(1 0 0 1 -3303.051 -6967.127)"
        />
        <path
          d="M4452.3 7991.21l-358-29.52-153.43 324.8 511.43-295.28z"
          fill="url(#logo_esc_svg___Linear5)"
          transform="matrix(1 0 0 1 -3303.051 -6967.127)"
        />
        <path
          d="M4196.59 7489.24l-102.29 472.45-460.29-265.75 562.58-206.7z"
          fill="url(#logo_esc_svg___Linear6)"
          transform="matrix(1 0 0 1 -3303.051 -6967.127)"
        />
        <path
          d="M3940.87 7105.39l255.72 383.85-562.58 206.7 306.86-590.55z"
          fill="url(#logo_esc_svg___Linear7)"
          transform="matrix(1 0 0 1 -3303.051 -6967.127)"
        />
        <path
          d="M4452.3 7400.66l-255.71 88.58-255.72-383.85 511.43 295.27z"
          fill="url(#logo_esc_svg___Linear8)"
          transform="matrix(1 0 0 1 -3303.051 -6967.127)"
        />
        <path
          d="M4452.3 7991.21l-255.71-501.97-102.29 472.45 358 29.52z"
          fill="url(#logo_esc_svg___Linear9)"
          transform="matrix(1 0 0 1 -3303.051 -6967.127)"
        />
        <path
          d="M4452.3 7400.66l-255.71 88.58 255.71 501.97v-590.55z"
          fill="url(#logo_esc_svg___Linear10)"
          transform="matrix(1 0 0 1 -3303.051 -6967.127)"
        />
        <g
          stroke="#fff"
        >
          <path
            d="M3582.87 7725.47l358-708.67-588.15 339.57 230.15 369.1zm-230.15 310.03l588.15 339.57-358-649.6-230.15 310.03zm588.15-1018.7l-358 708.67 664.86-265.75-306.86-442.92z"
            fill="none"
            strokeOpacity={0.4}
            strokeWidth={25}
            transform="matrix(1 0 0 1 -3303.051 -6967.127)"
          />
          <path
            d="M3352.72 8035.5l230.15-310.03-230.15-369.1v679.13zm741.58-14.76l153.43-561.02-664.86 265.75 511.43 295.27z"
            fill="none"
            strokeOpacity={0.4}
            strokeWidth={25}
            transform="matrix(1 0 0 1 -3303.051 -6967.127)"
          />
          <path
            d="M3582.87 7725.47l511.43 295.27-153.43 354.33-358-649.6zm358-708.67l306.86 442.92 281.29-103.35-588.15-339.57zm588.15 1018.7l-281.29-575.78-153.43 561.02 434.72 14.76z"
            fill="none"
            strokeOpacity={0.4}
            strokeWidth={25}
            transform="matrix(1 0 0 1 -3303.051 -6967.127)"
          />
          <path
            d="M3940.87 8375.07l153.43-354.33 434.72 14.76-588.15 339.57zm588.15-1018.7v679.13l-281.29-575.78 281.29-103.35z"
            fill="none"
            strokeOpacity={0.4}
            strokeWidth={25}
            transform="matrix(1 0 0 1 -3303.051 -6967.127)"
          />
          <path
            d="M3940.87 7016.8l588.15 339.57v679.13l-588.15 339.57-588.15-339.57v-679.13l588.15-339.57z"
            fill="none"
            strokeOpacity={0.4}
            strokeWidth={25}
            transform="matrix(1 0 0 1 -3303.051 -6967.127)"
          />
          <circle
            cx={3940.87}
            cy={7046.33}
            fill="#fcfcfc"
            r={25.572}
            strokeOpacity={0.569}
            strokeWidth={10.31}
            transform="matrix(1.61658 0 0 1.61658 -5732.917 -11341.288)"
          />
          <circle
            cx={3940.87}
            cy={7046.33}
            fill="#fcfcfc"
            r={25.572}
            strokeOpacity={0.569}
            strokeWidth={10.31}
            transform="matrix(1.61658 0 0 1.61658 -5144.767 -10322.588)"
          />
          <circle
            cx={3940.87}
            cy={7046.33}
            fill="#fcfcfc"
            r={25.572}
            strokeOpacity={0.569}
            strokeWidth={10.31}
            transform="matrix(1.61658 0 0 1.61658 -5732.917 -9983.018)"
          />
          <circle
            cx={3940.87}
            cy={7046.33}
            fill="#fcfcfc"
            r={25.572}
            strokeOpacity={0.569}
            strokeWidth={10.31}
            transform="matrix(1.61658 0 0 1.61658 -6321.056 -10322.588)"
          />
          <circle
            cx={3940.87}
            cy={7046.33}
            fill="#fcfcfc"
            r={25.572}
            strokeOpacity={0.569}
            strokeWidth={10.31}
            transform="matrix(1.61658 0 0 1.61658 -6321.056 -11001.718)"
          />
          <circle
            cx={3940.87}
            cy={7046.33}
            fill="#fcfcfc"
            r={25.572}
            strokeOpacity={0.569}
            strokeWidth={10.31}
            transform="matrix(1.61658 0 0 1.61658 -5144.767 -11001.718)"
          />
          <circle
            cx={3940.87}
            cy={7046.33}
            fill="#fcfcfc"
            r={25.572}
            strokeOpacity={0.569}
            strokeWidth={10.02}
            transform="matrix(2.07846 0 0 2.07846 -7246.265 -14152.938)"
          />
          <circle
            cx={3940.87}
            cy={7046.33}
            fill="#fcfcfc"
            r={25.572}
            strokeOpacity={0.569}
            strokeWidth={10.02}
            transform="matrix(2.07846 0 0 2.07846 -7399.695 -13591.908)"
          />
          <circle
            cx={3940.87}
            cy={7046.33}
            fill="#fcfcfc"
            r={25.572}
            strokeOpacity={0.569}
            strokeWidth={10.02}
            transform="matrix(2.07846 0 0 2.07846 -7911.124 -13887.188)"
          />
        </g>
        <defs>
          <linearGradient
            gradientTransform="rotate(-17.467 25780.093 -7698.299) scale(374.554)"
            gradientUnits="userSpaceOnUse"
            id="logo_esc_svg___Linear1"
            x2={1}
          >
            <stop
              offset={0}
              stopColor="#a1c4f5"
            />
            <stop
              offset={1}
              stopColor="#2a79e7"
            />
          </linearGradient>
          <linearGradient
            gradientTransform="scale(163.849) rotate(-13.76 204.771 -63.999)"
            gradientUnits="userSpaceOnUse"
            id="logo_esc_svg___Linear2"
            x2={1}
          >
            <stop
              offset={0}
              stopColor="#649dee"
            />
            <stop
              offset={1}
              stopColor="#b8d3f7"
            />
          </linearGradient>
          <linearGradient
            gradientTransform="rotate(-137.158 3523.525 3336.152) scale(383.627)"
            gradientUnits="userSpaceOnUse"
            id="logo_esc_svg___Linear3"
            x2={1}
          >
            <stop
              offset={0}
              stopColor="#124fa3"
            />
            <stop
              offset={1}
              stopColor="#1764d1"
            />
          </linearGradient>
          <linearGradient
            gradientTransform="scale(278.2815) rotate(-3.202 522.325 -229.105)"
            gradientUnits="userSpaceOnUse"
            id="logo_esc_svg___Linear4"
            x2={1}
          >
            <stop
              offset={0}
              stopColor="#124fa3"
            />
            <stop
              offset={0.58}
              stopColor="#1b5ab1"
            />
            <stop
              offset={0.8}
              stopColor="#2e71ce"
            />
            <stop
              offset={1}
              stopColor="#4087ea"
            />
          </linearGradient>
          <linearGradient
            gradientTransform="rotate(-27.959 18409.282 -3961.098) scale(503.97)"
            gradientUnits="userSpaceOnUse"
            id="logo_esc_svg___Linear5"
            x2={1}
          >
            <stop
              offset={0}
              stopColor="#2f7ce8"
            />
            <stop
              offset={1}
              stopColor="#a7c7f5"
            />
          </linearGradient>
          <linearGradient
            gradientTransform="rotate(-90 5968.835 1925.675) scale(343.498)"
            gradientUnits="userSpaceOnUse"
            id="logo_esc_svg___Linear6"
            x2={1}
          >
            <stop
              offset={0}
              stopColor="#5494ec"
            />
            <stop
              offset={0.46}
              stopColor="#2366c4"
            />
            <stop
              offset={1}
              stopColor="#1559b9"
            />
          </linearGradient>
          <linearGradient
            gradientTransform="scale(455.028) rotate(-67.007 16.79 2.07)"
            gradientUnits="userSpaceOnUse"
            id="logo_esc_svg___Linear7"
            x2={1}
          >
            <stop
              offset={0}
              stopColor="#1e71e6"
            />
            <stop
              offset={1}
              stopColor="#10448d"
            />
          </linearGradient>
          <linearGradient
            gradientTransform="scale(460.207) rotate(27.597 -27.414 25.698)"
            gradientUnits="userSpaceOnUse"
            id="logo_esc_svg___Linear8"
            x2={1}
          >
            <stop
              offset={0}
              stopColor="#124ea2"
            />
            <stop
              offset={1}
              stopColor="#4086ea"
            />
          </linearGradient>
          <linearGradient
            gradientTransform="scale(-356.846) rotate(69.89 9.809 -19.82)"
            gradientUnits="userSpaceOnUse"
            id="logo_esc_svg___Linear9"
            x2={1}
          >
            <stop
              offset={0}
              stopColor="#dbe8fb"
            />
            <stop
              offset={1}
              stopColor="#1763cd"
            />
          </linearGradient>
          <linearGradient
            gradientTransform="scale(-530.3906) rotate(86.711 3.725 -11.811)"
            gradientUnits="userSpaceOnUse"
            id="logo_esc_svg___Linear10"
            x2={1}
          >
            <stop
              offset={0}
              stopColor="#0e3e80"
            />
            <stop
              offset={1}
              stopColor="#2475e7"
            />
          </linearGradient>
        </defs>
      </svg>
      <div
        className="c4 c5"
        color="headerText"
        cursor="inherit"
        fontSize={4}
      >
        UCloud
      </div>
    </div>
  </a>
  <div
    className="c6"
  />
  <div
    className="c7"
  >
    <div
      className="c8"
    >
      <div
        className="c9"
      >
        <input
          className="c10"
          id="search_input"
          onChange={[Function]}
          onKeyDown={[Function]}
          type="text"
          value=""
          width="100%"
        />
        <div
          className="c11"
        >
          <label
            className="c12"
            color="black"
            fontSize={1}
            fontWeight="bold"
            htmlFor="search_input"
            width="100%"
          >
            <svg
              className="c3"
              cursor="inherit"
              fill="currentcolor"
              height="20"
              viewBox="0 0 24 24"
              width="20"
            >
              <path
                d="M15.5 14h-.8l-.3-.3c1-1.1 1.6-2.6 1.6-4.2C16 5.9 13.1 3 9.5 3S3 5.9 3 9.5 5.9 16 9.5 16c1.6 0 3.1-.6 4.2-1.6l.3.3v.8l5 5 1.5-1.5-5-5zm-6 0C7 14 5 12 5 9.5S7 5 9.5 5 14 7 14 9.5 12 14 9.5 14z"
              />
            </svg>
          </label>
        </div>
        <div
          className="c13 c14"
          data-tag="dropdown"
        >
          <span
            className="c4 c15"
            cursor="pointer"
            onClick={[Function]}
          >
            <div
              className="c16"
            >
              <svg
                className="c17"
                clipRule="evenodd"
                cursor="pointer"
                fill="currentcolor"
                fillRule="evenodd"
                height="12px"
                viewBox="0 0 24 20"
                width="12px"
              >
                <path
                  d="M11.998 19.999c-.598 0-1.028-.61-1.028-.61L.365 2.268C-.453 1.02.153 0 1.703 0h20.593c1.554 0 2.156 1.02 1.34 2.27l-10.61 17.121c0-.002-.43.608-1.028.608z"
                  fillRule="nonzero"
                />
              </svg>
            </div>
          </span>
        </div>
      </div>
    </div>
  </div>
  <div
    className="c18"
  >
    <svg
      className="c19"
      cursor="pointer"
      fill="currentcolor"
      height="32"
      mr="3px"
      onClick={[Function]}
      viewBox="0 0 24 24"
      width="32"
    >
      <path
        d="M15.5 14h-.8l-.3-.3c1-1.1 1.6-2.6 1.6-4.2C16 5.9 13.1 3 9.5 3S3 5.9 3 9.5 5.9 16 9.5 16c1.6 0 3.1-.6 4.2-1.6l.3.3v.8l5 5 1.5-1.5-5-5zm-6 0C7 14 5 12 5 9.5S7 5 9.5 5 14 7 14 9.5 12 14 9.5 14z"
      />
    </svg>
  </div>
  <div
    className="c20"
  />
  <div
    className="c7"
  />
  <div
    className="c21"
    width="48px"
  >
    <div
      className="c22"
      width="24px"
    />
  </div>
  <div
    className="c13 c14"
    data-tag="dropdown"
  >
    <span
      className="c4 c15"
      cursor="pointer"
      onClick={[Function]}
    >
      <div
        className="c21"
        width="48px"
      >
        <svg
          className="c23"
          clipRule="evenodd"
          color="headerIconColor"
          color2=""
          cursor="inherit"
          fill="currentcolor"
          fillRule="evenodd"
          height="24px"
          viewBox="0 0 24 24"
          width="24px"
        >
          <path
            d="M21.6 0H2.4A2.397 2.397 0 00.012 2.4L0 24l4.8-4.8h16.8c1.32 0 2.4-1.08 2.4-2.4V2.4C24 1.08 22.92 0 21.6 0z"
            fillRule="nonzero"
          />
          <path
            d="M4.8 8.4h14.4v2.4H4.8V8.4zm9.6 6H4.8V12h9.6v2.4zm4.8-7.2H4.8V4.8h14.4v2.4z"
            fill="currentcolor"
            fillRule="nonzero"
          />
        </svg>
      </div>
    </span>
  </div>
  <div
    className="c13 c14"
    data-tag="dropdown"
  >
    <span
      className="c4 c15"
      cursor="pointer"
      onClick={[Function]}
    >
      <div
        className="c24"
      >
        <div
          className="c25"
        >
          <div
            className="c21"
            width="48px"
          >
            <svg
              className="c26"
              clipRule="evenodd"
              color="headerIconColor"
              color2=""
              cursor="pointer"
              fill="currentcolor"
              fillRule="evenodd"
              height={24}
              viewBox="0 0 24 24"
              width={24}
            >
              <path
                d="M20.47 15.333V8c0-4.4-3.811-8-8.47-8C7.34 0 3.53 3.6 3.53 8v7.333L0 20h24l-3.53-4.667z"
                fillRule="nonzero"
              />
              <path
                d="M12 24c1.56 0 2.823-1.194 2.823-2.667H9.176C9.176 22.806 10.44 24 12 24"
                fill="currentcolor"
                fillRule="nonzero"
              />
            </svg>
          </div>
        </div>
      </div>
    </span>
  </div>
  <div
    className="c13 c14"
    data-tag="dropdown"
  >
    <span
      className="c4 c15"
      cursor="pointer"
      onClick={[Function]}
    >
      <div
        className="c24"
      >
        <div
          className="c27"
          height="48px"
          width="60px"
        >
          <svg
            height="280px"
            version="1.1"
            viewBox="0 0 264 280"
            width="264px"
            xmlns="http://www.w3.org/2000/svg"
            xmlnsXlink="http://www.w3.org/1999/xlink"
          >
            <desc>
              Created with getavataaars.com
            </desc>
            <defs>
              <circle
                cx="120"
                cy="120"
                id="path-1"
                r="120"
              />
              <path
                d="M12,160 C12,226.27417 65.72583,280 132,280 C198.27417,280 252,226.27417 252,160 L264,160 L264,-1.42108547e-14 L-3.19744231e-14,-1.42108547e-14 L-3.19744231e-14,160 L12,160 Z"
                id="path-3"
              />
              <path
                d="M124,144.610951 L124,163 L128,163 L128,163 C167.764502,163 200,195.235498 200,235 L200,244 L0,244 L0,235 C-4.86974701e-15,195.235498 32.235498,163 72,163 L72,163 L76,163 L76,144.610951 C58.7626345,136.422372 46.3722246,119.687011 44.3051388,99.8812385 C38.4803105,99.0577866 34,94.0521096 34,88 L34,74 C34,68.0540074 38.3245733,63.1180731 44,62.1659169 L44,56 L44,56 C44,25.072054 69.072054,5.68137151e-15 100,0 L100,0 L100,0 C130.927946,-5.68137151e-15 156,25.072054 156,56 L156,62.1659169 C161.675427,63.1180731 166,68.0540074 166,74 L166,88 C166,94.0521096 161.51969,99.0577866 155.694861,99.8812385 C153.627775,119.687011 141.237365,136.422372 124,144.610951 Z"
                id="path-5"
              />
            </defs>
            <g
              fill="none"
              fillRule="evenodd"
              id="Avataaar"
              stroke="none"
              strokeWidth="1"
            >
              <g
                id="Avataaar/Circle"
                transform="translate(-825.000000, -1100.000000)"
              >
                <g
                  transform="translate(825.000000, 1100.000000)"
                >
                  <g
                    fillRule="evenodd"
                    id="Circle"
                    strokeWidth="1"
                    transform="translate(12.000000, 40.000000)"
                  >
                    <mask
                      fill="white"
                      id="mask-2"
                    >
                      <use
                        xlinkHref="#path-1"
                      />
                    </mask>
                    <use
                      fill="#E6E6E6"
                      id="Circle-Background"
                      xlinkHref="#path-1"
                    />
                    <g
                      fill="#65C9FF"
                      id="Color/Palette/Blue-01"
                      mask="url(#mask-2)"
                    >
                      <rect
                        height="240"
                        id="🖍Color"
                        width="240"
                        x="0"
                        y="0"
                      />
                    </g>
                  </g>
                  <mask
                    fill="white"
                    id="mask-4"
                  >
                    <use
                      xlinkHref="#path-3"
                    />
                  </mask>
                  <g
                    id="Mask"
                  />
                  <g
                    fillRule="evenodd"
                    id="Avataaar"
                    mask="url(#mask-4)"
                    strokeWidth="1"
                  >
                    <g
                      id="Body"
                      transform="translate(32.000000, 36.000000)"
                    >
                      <mask
                        fill="white"
                        id="mask-6"
                      >
                        <use
                          xlinkHref="#path-5"
                        />
                      </mask>
                      <use
                        fill="#D0C6AC"
                        xlinkHref="#path-5"
                      />
                      <g
                        fill="#FFDBB4"
                        id="Skin/👶🏽-03-Brown"
                        mask="url(#mask-6)"
                      >
                        <g
                          id="Color"
                          transform="translate(0.000000, 0.000000)"
                        >
                          <rect
                            height="280"
                            width="264"
                            x="0"
                            y="0"
                          />
                        </g>
                      </g>
                      <path
                        d="M156,79 L156,102 C156,132.927946 130.927946,158 100,158 C69.072054,158 44,132.927946 44,102 L44,79 L44,94 C44,124.927946 69.072054,150 100,150 C130.927946,150 156,124.927946 156,94 L156,79 Z"
                        fill="#000000"
                        fillOpacity="0.100000001"
                        id="Neck-Shadow"
                        mask="url(#mask-6)"
                      />
                    </g>
                    <g
                      id="Clothing/Blazer-+-Shirt"
                      transform="translate(0.000000, 170.000000)"
                    >
                      <defs>
                        <path
                          d="M133.960472,0.294916112 C170.936473,3.32499816 200,34.2942856 200,72.0517235 L200,81 L0,81 L0,72.0517235 C1.22536245e-14,33.9525631 29.591985,2.76498122 67.0454063,0.219526408 C67.0152598,0.593114549 67,0.969227185 67,1.34762511 C67,13.2107177 81.9984609,22.8276544 100.5,22.8276544 C119.001539,22.8276544 134,13.2107177 134,1.34762511 C134,0.994669088 133.986723,0.64370138 133.960472,0.294916112 Z"
                          id="react-path-1"
                        />
                      </defs>
                      <g
                        id="Shirt"
                        transform="translate(32.000000, 29.000000)"
                      >
                        <mask
                          fill="white"
                          id="react-mask-1"
                        >
                          <use
                            xlinkHref="#react-path-1"
                          />
                        </mask>
                        <use
                          fill="#E6E6E6"
                          id="Clothes"
                          xlinkHref="#react-path-1"
                        />
                        <g
                          fill="#262E33"
                          id="Color/Palette/Black"
                          mask="url(#react-mask-1)"
                        >
                          <g
                            id="🖍Color"
                            transform="translate(-32.000000, -29.000000)"
                          >
                            <rect
                              height="110"
                              width="264"
                              x="0"
                              y="0"
                            />
                          </g>
                        </g>
                        <g
                          fill="#000000"
                          fillOpacity="0.16"
                          id="Shadowy"
                          mask="url(#react-mask-1)"
                          opacity="0.599999964"
                        >
                          <g
                            id="Hola-👋🏼"
                            transform="translate(60.000000, -25.000000)"
                          >
                            <ellipse
                              cx="40.5"
                              cy="27.8476251"
                              rx="39.6351047"
                              ry="26.9138272"
                            />
                          </g>
                        </g>
                      </g>
                      <g
                        id="Blazer"
                        transform="translate(32.000000, 28.000000)"
                      >
                        <path
                          d="M68.784807,1.12222847 C30.512317,2.80409739 -1.89486556e-14,34.3646437 -1.42108547e-14,73.0517235 L0,73.0517235 L0,82 L69.3616767,82 C65.9607412,69.9199941 64,55.7087296 64,40.5 C64,26.1729736 65.7399891,12.7311115 68.784807,1.12222847 Z M131.638323,82 L200,82 L200,73.0517235 C200,34.7067641 170.024954,3.36285166 132.228719,1.17384225 C135.265163,12.7709464 137,26.1942016 137,40.5 C137,55.7087296 135.039259,69.9199941 131.638323,82 Z"
                          fill="#3A4C5A"
                          id="Saco"
                        />
                        <path
                          d="M149,58 L158.555853,50.83311 L158.555853,50.83311 C159.998897,49.7508275 161.987779,49.7682725 163.411616,50.8757011 L170,56 L149,58 Z"
                          fill="#E6E6E6"
                          id="Pocket-hanky"
                        />
                        <path
                          d="M69,1.13686838e-13 C65,19.3333333 66.6666667,46.6666667 74,82 L58,82 L44,46 L50,37 L44,31 L63,1 C65.027659,0.369238637 67.027659,0.0359053037 69,1.13686838e-13 Z"
                          fill="#2F4351"
                          id="Wing"
                        />
                        <path
                          d="M151,1.13686838e-13 C147,19.3333333 148.666667,46.6666667 156,82 L140,82 L126,46 L132,37 L126,31 L145,1 C147.027659,0.369238637 149.027659,0.0359053037 151,1.13686838e-13 Z"
                          fill="#2F4351"
                          id="Wing"
                          transform="translate(141.000000, 41.000000) scale(-1, 1) translate(-141.000000, -41.000000) "
                        />
                      </g>
                    </g>
                    <g
                      fill="#000000"
                      id="Face"
                      transform="translate(76.000000, 82.000000)"
                    >
                      <g
                        fillOpacity="0.699999988"
                        id="Mouth/Default"
                        transform="translate(2.000000, 52.000000)"
                      >
                        <path
                          d="M40,15 C40,22.7319865 46.2680135,29 54,29 L54,29 C61.7319865,29 68,22.7319865 68,15"
                          id="Mouth"
                        />
                      </g>
                      <g
                        fillOpacity="0.16"
                        id="Nose/Default"
                        transform="translate(28.000000, 40.000000)"
                      >
                        <path
                          d="M16,8 C16,12.418278 21.372583,16 28,16 L28,16 C34.627417,16 40,12.418278 40,8"
                          id="Nose"
                        />
                      </g>
                      <g
                        fillOpacity="0.599999964"
                        id="Eyes/Default-😀"
                        transform="translate(0.000000, 8.000000)"
                      >
                        <circle
                          cx="30"
                          cy="22"
                          id="Eye"
                          r="6"
                        />
                        <circle
                          cx="82"
                          cy="22"
                          id="Eye"
                          r="6"
                        />
                      </g>
                      <g
                        fillOpacity="0.599999964"
                        id="Eyebrow/Natural/Default-Natural"
                      >
                        <path
                          d="M26.0390934,6.21012364 C20.2775554,6.98346216 11.2929313,12.0052479 12.04426,17.8178111 C12.0689481,18.0080543 12.3567302,18.0673468 12.4809077,17.9084937 C14.9674041,14.7203351 34.1927973,10.0365481 41.1942673,11.0147151 C41.8350523,11.1044465 42.2580662,10.4430343 41.8210501,10.0302067 C38.0765663,6.49485426 31.2003792,5.51224825 26.0390934,6.21012364"
                          id="Eyebrow"
                          transform="translate(27.000000, 12.000000) rotate(5.000000) translate(-27.000000, -12.000000) "
                        />
                        <path
                          d="M85.0390934,6.21012364 C79.2775554,6.98346216 70.2929313,12.0052479 71.04426,17.8178111 C71.0689481,18.0080543 71.3567302,18.0673468 71.4809077,17.9084937 C73.9674041,14.7203351 93.1927973,10.0365481 100.194267,11.0147151 C100.835052,11.1044465 101.258066,10.4430343 100.82105,10.0302067 C97.0765663,6.49485426 90.2003792,5.51224825 85.0390934,6.21012364"
                          id="Eyebrow"
                          transform="translate(86.000000, 12.000000) scale(-1, 1) rotate(5.000000) translate(-86.000000, -12.000000) "
                        />
                      </g>
                    </g>
                    <g
                      fillRule="evenodd"
                      id="Top"
                      strokeWidth="1"
                    >
                      <defs>
                        <rect
                          height="280"
                          id="react-path-2"
                          width="264"
                          x="0"
                          y="0"
                        />
                        <filter
                          filterUnits="objectBoundingBox"
                          height="108.0%"
                          id="react-filter-1"
                          width="101.5%"
                          x="-0.8%"
                          y="-2.0%"
                        >
                          <feOffset
                            dx="0"
                            dy="2"
                            in="SourceAlpha"
                            result="shadowOffsetOuter1"
                          />
                          <feColorMatrix
                            in="shadowOffsetOuter1"
                            result="shadowMatrixOuter1"
                            type="matrix"
                            values="0 0 0 0 0   0 0 0 0 0   0 0 0 0 0  0 0 0 0.16 0"
                          />
                          <feMerge>
                            <feMergeNode
                              in="shadowMatrixOuter1"
                            />
                            <feMergeNode
                              in="SourceGraphic"
                            />
                          </feMerge>
                        </filter>
                      </defs>
                      <mask
                        fill="white"
                        id="react-mask-2"
                      >
                        <use
                          xlinkHref="#react-path-2"
                        />
                      </mask>
                      <g
                        id="Mask"
                      />
                      <g
                        id="Top/No-Hair"
                        mask="url(#react-mask-2)"
                      >
                        <g
                          transform="translate(-1.000000, 0.000000)"
                        />
                      </g>
                    </g>
                  </g>
                </g>
              </g>
            </g>
          </svg>
        </div>
      </div>
    </span>
  </div>
</div>
`;
