// Jest Snapshot v1, https://goo.gl/fbAQLP

exports[`Shares List Shares component 1`] = `
<div
  className="sc-bdVaJa fENTec"
  cursor="auto"
>
  <div
    className="sc-bdVaJa sc-bwzfXH sc-hqyNC ryOnK"
    cursor="auto"
    height={96}
    width={1}
  >
    <div
      className="sc-EHOje sc-feJyhm iqoSv"
    >
      <div
        className="sc-bZQynM sc-iELTvK dIDEHa"
        cursor="pointer"
        onClick={[Function]}
        selected={true}
      >
        Request sent
      </div>
      <div
        className="sc-bZQynM sc-iELTvK dhAWOc"
        cursor="pointer"
        onClick={[Function]}
        selected={false}
      >
        Accepted
      </div>
    </div>
  </div>
  <div
    className="sc-bdVaJa ikztbv"
    cursor="auto"
  >
    <div
      className="sc-bdVaJa sc-hMqMXs jcYTgq"
    />
    <div
      className="sc-cmTdod gTWESn"
      height={18}
      width={18}
    >
      <div
        className="sc-jwKygS sc-btzYZH deBJuJ"
      />
      <div
        className="sc-jwKygS sc-lhVmIH DJpLr"
      />
      <div
        className="sc-jwKygS sc-bYSBpT bBpxRp"
      />
      <div
        className="sc-jwKygS sc-elJkPf eimgCQ"
      />
      <div
        className="sc-jwKygS sc-jtRfpW lbMlBI"
      />
      <div
        className="sc-jwKygS sc-kTUwUJ hRcYEv"
      />
      <div
        className="sc-jwKygS sc-dqBHgY rdbit"
      />
      <div
        className="sc-jwKygS sc-gxMtzJ hPYjLZ"
      />
      <div
        className="sc-jwKygS sc-dfVpRl gSTqeV"
      />
    </div>
    <h3
      className="sc-bZQynM cONAKO"
      cursor="inherit"
      fontSize={4}
    >
      Shared with Me
    </h3>
    <h3
      className="sc-bZQynM hJdAxf"
      cursor="inherit"
      fontSize={4}
    >
      <small>
        No shares
      </small>
    </h3>
    <h3
      className="sc-bZQynM fiNptg"
      cursor="inherit"
      fontSize={4}
    >
      Shared by Me
    </h3>
    <h3
      className="sc-bZQynM hJdAxf"
      cursor="inherit"
      fontSize={4}
    >
      <small>
        No shares
      </small>
    </h3>
  </div>
</div>
`;

exports[`Shares List Shares component with shares 1`] = `"<i aria-hidden=\\"true\\" class=\\"circle notched big loading icon\\"></i><div class=\\"ui header\\">Shared with Me</div><div class=\\"ui center aligned header\\"><div class=\\"sub header\\">No shares</div></div><div class=\\"ui header\\">Shared by Me</div><div class=\\"ui center aligned header\\"><div class=\\"sub header\\">No shares</div></div>"`;
