// Jest Snapshot v1, https://goo.gl/fbAQLP

exports[`Shares List Shares component 1`] = `
Array [
  <i
    className="fas fa-circle-notch fa-spin"
  />,
  <h3
    className="sc-EHOje gqTxsK"
    cursor="inherit"
    fontSize={4}
  >
    Shared with Me
  </h3>,
  <h3
    className="sc-EHOje fFSuFj"
    cursor="inherit"
    fontSize={4}
  >
    <small>
      No shares
    </small>
  </h3>,
  <h2
    className="sc-EHOje cMXCEK"
    cursor="inherit"
    fontSize={5}
  >
    Shared by Me
  </h2>,
  <h3
    className="sc-EHOje fFSuFj"
    cursor="inherit"
    fontSize={4}
  >
    <small>
      No shares
    </small>
  </h3>,
]
`;

exports[`Shares List Shares component with shares 1`] = `"<i aria-hidden=\\"true\\" class=\\"circle notched big loading icon\\"></i><div class=\\"ui header\\">Shared with Me</div><div class=\\"ui center aligned header\\"><div class=\\"sub header\\">No shares</div></div><div class=\\"ui header\\">Shared by Me</div><div class=\\"ui center aligned header\\"><div class=\\"sub header\\">No shares</div></div>"`;
