// Jest Snapshot v1, https://goo.gl/fbAQLP

exports[`Dashboard Dashboard mount 1`] = `
.c18 {
  width: 32px;
  height: 32px;
  margin: 20px auto;
  -webkit-animation-name: jkjquP;
  animation-name: jkjquP;
}

.c18 > svg path:nth-child(1) {
  -webkit-animation: jkjquP 0.72s linear infinite;
  animation: jkjquP 0.72s linear infinite;
  -webkit-animation-delay: -0.04s;
  animation-delay: -0.04s;
}

.c18 > svg path:nth-child(2) {
  -webkit-animation: jkjquP 0.72s linear infinite;
  animation: jkjquP 0.72s linear infinite;
  -webkit-animation-delay: -0.08s;
  animation-delay: -0.08s;
}

.c18 > svg path:nth-child(3) {
  -webkit-animation: jkjquP 0.72s linear infinite;
  animation: jkjquP 0.72s linear infinite;
  -webkit-animation-delay: -0.12s;
  animation-delay: -0.12s;
}

.c18 > svg path:nth-child(4) {
  -webkit-animation: jkjquP 0.72s linear infinite;
  animation: jkjquP 0.72s linear infinite;
  -webkit-animation-delay: -0.16s;
  animation-delay: -0.16s;
}

.c18 > svg path:nth-child(5) {
  -webkit-animation: jkjquP 0.72s linear infinite;
  animation: jkjquP 0.72s linear infinite;
  -webkit-animation-delay: -0.2s;
  animation-delay: -0.2s;
}

.c18 > svg path:nth-child(6) {
  -webkit-animation: jkjquP 0.72s linear infinite;
  animation: jkjquP 0.72s linear infinite;
  -webkit-animation-delay: -0.24s;
  animation-delay: -0.24s;
}

.c18 > svg path:nth-child(7) {
  -webkit-animation: jkjquP 0.72s linear infinite;
  animation: jkjquP 0.72s linear infinite;
  -webkit-animation-delay: -0.28s;
  animation-delay: -0.28s;
}

.c18 > svg path:nth-child(8) {
  -webkit-animation: jkjquP 0.72s linear infinite;
  animation: jkjquP 0.72s linear infinite;
  -webkit-animation-delay: -0.32s;
  animation-delay: -0.32s;
}

.c18 > svg path:nth-child(9) {
  -webkit-animation: jkjquP 0.72s linear infinite;
  animation: jkjquP 0.72s linear infinite;
  -webkit-animation-delay: -0.36s;
  animation-delay: -0.36s;
}

.c18 > svg path:nth-child(10) {
  -webkit-animation: jkjquP 0.72s linear infinite;
  animation: jkjquP 0.72s linear infinite;
  -webkit-animation-delay: -0.4s;
  animation-delay: -0.4s;
}

.c18 > svg path:nth-child(11) {
  -webkit-animation: jkjquP 0.72s linear infinite;
  animation: jkjquP 0.72s linear infinite;
  -webkit-animation-delay: -0.44s;
  animation-delay: -0.44s;
}

.c18 > svg path:nth-child(12) {
  -webkit-animation: jkjquP 0.72s linear infinite;
  animation: jkjquP 0.72s linear infinite;
  -webkit-animation-delay: -0.48s;
  animation-delay: -0.48s;
}

.c18 > svg path:nth-child(13) {
  -webkit-animation: jkjquP 0.72s linear infinite;
  animation: jkjquP 0.72s linear infinite;
  -webkit-animation-delay: -0.52s;
  animation-delay: -0.52s;
}

.c18 > svg path:nth-child(14) {
  -webkit-animation: jkjquP 0.72s linear infinite;
  animation: jkjquP 0.72s linear infinite;
  -webkit-animation-delay: -0.56s;
  animation-delay: -0.56s;
}

.c18 > svg path:nth-child(15) {
  -webkit-animation: jkjquP 0.72s linear infinite;
  animation: jkjquP 0.72s linear infinite;
  -webkit-animation-delay: -0.6s;
  animation-delay: -0.6s;
}

.c18 > svg path:nth-child(16) {
  -webkit-animation: jkjquP 0.72s linear infinite;
  animation: jkjquP 0.72s linear infinite;
  -webkit-animation-delay: -0.64s;
  animation-delay: -0.64s;
}

.c18 > svg path:nth-child(17) {
  -webkit-animation: jkjquP 0.72s linear infinite;
  animation: jkjquP 0.72s linear infinite;
  -webkit-animation-delay: -0.68s;
  animation-delay: -0.68s;
}

.c18 > svg path:nth-child(18) {
  -webkit-animation: jkjquP 0.72s linear infinite;
  animation: jkjquP 0.72s linear infinite;
  -webkit-animation-delay: -0.72s;
  animation-delay: -0.72s;
}

.c0 {
  margin-left: 190px;
  padding-top: 48px;
  padding-bottom: 14px;
  padding-left: 14px;
  padding-right: 0;
  background-color: #fff;
}

.c1 {
  padding-top: 14px;
  padding-right: 14px;
}

.c7 {
  padding-left: 16px;
  padding-right: 16px;
  padding-top: 4px;
  padding-bottom: 4px;
}

.c8 {
  padding-bottom: 0.5em;
}

.c9 {
  text-align: center;
}

.c15 {
  margin-left: auto;
}

.c19 {
  padding-bottom: 12px;
}

.c12 {
  font-smoothing: antialiased;
  display: -webkit-inline-box;
  display: -webkit-inline-flex;
  display: -ms-inline-flexbox;
  display: inline-flex;
  -webkit-box-pack: center;
  -webkit-justify-content: center;
  -ms-flex-pack: center;
  justify-content: center;
  -webkit-align-items: center;
  -webkit-box-align: center;
  -ms-flex-align: center;
  align-items: center;
  text-align: center;
  -webkit-text-decoration: none;
  text-decoration: none;
  font-family: inherit;
  font-weight: 700;
  line-height: 1.5;
  cursor: pointer;
  border-radius: 5px;
  background-color: var(--blue,#f00);
  color: var(--white,#f00);
  border-width: 0;
  border-style: solid;
  -webkit-transition: cubic-bezier(0.5,0,0.25,1) 60ms;
  transition: cubic-bezier(0.5,0,0.25,1) 60ms;
  font-size: 14px;
  padding: 9.5px 18px;
}

.c12:disabled {
  opacity: 0.25;
}

.c12:focus {
  outline: none;
}

.c12:hover {
  -webkit-transform: scale(1.03);
  -ms-transform: scale(1.03);
  transform: scale(1.03);
}

.c16 {
  -webkit-flex: none;
  -ms-flex: none;
  flex: none;
  vertical-align: middle;
  cursor: pointer;
  color: #53657d;
}

.c4 {
  width: 100%;
  height: auto;
  overflow: hidden;
  height: auto;
  box-shadow: 0px 3px 3px -2px rgba(0,0,0,0.2),0px 3px 4px 0px rgba(0,0,0,.14),0px 1px 8px 0px rgba(0,0,0,.12);
  border: 1px solid #c9d3df;
  border-radius: 6px;
}

.c5 {
  display: -webkit-box;
  display: -webkit-flex;
  display: -ms-flexbox;
  display: flex;
  padding-left: 16px;
  padding-right: 16px;
  padding-top: 8px;
  padding-bottom: 8px;
  background-color: #f5f7f9;
  -webkit-align-items: center;
  -webkit-box-align: center;
  -ms-flex-align: center;
  align-items: center;
}

.c14 {
  display: -webkit-box;
  display: -webkit-flex;
  display: -ms-flexbox;
  display: flex;
  padding-left: 16px;
  padding-right: 16px;
  padding-top: 8px;
  padding-bottom: 8px;
  background-color: #f5f7f9;
}

.c3 {
  display: grid;
  margin-top: 2px;
  width: 100%;
  grid-gap: 10px;
  grid-template-columns: repeat(auto-fill,minmax(315px,1fr) );
}

.c6 {
  cursor: inherit;
  font-size: 20px;
  margin: 0;
  font-weight: 400;
}

.c10 {
  cursor: inherit;
  font-size: 16px;
  margin-top: 8px;
  margin-bottom: 8px;
}

.c17 {
  cursor: inherit;
  font-size: 10px;
  margin: 0;
  padding-left: 16px;
  padding-top: 10px;
  text-transform: uppercase;
  font-weight: 700;
}

.c11 {
  cursor: pointer;
  -webkit-text-decoration: none;
  text-decoration: none;
  color: #1e252e;
}

.c11:hover {
  color: #006aff;
}

.c13 {
  font-size: large;
}

.c13 > * {
  border-bottom: 1px solid lightGrey;
}

.c13 > *:last-child {
  border-bottom: 0px;
}

@media screen and (min-width:768px) and (max-width:1023px) {
  .c2 {
    display: none;
  }
}

@media screen and (min-width:1024px) and (max-width:1279px) {
  .c2 {
    display: none;
  }
}

@media screen and (min-width:1280px) {
  .c2 {
    display: none;
  }
}

<div
  className="c0"
>
  <div
    className="c1"
  >
    <div
      className="c2"
    />
    <div
      className="c3"
      width="100%"
    >
      <div
        className="c4"
        height="auto"
        overflow="hidden"
        width={1}
      >
        <div
          className="c5"
        >
          <h4
            className="c6"
            cursor="inherit"
            fontSize={3}
          >
            Favorite Files
          </h4>
        </div>
        <div
          className="c7"
        >
          <div
            className="c8"
          />
          <div
            className="c9"
          >
            <div
              className="c10"
              cursor="inherit"
              fontSize="16px"
            >
              Your favorite files will appear here
            </div>
            <a
              className="c11"
              color="text"
              hoverColor="textHighlight"
              href="/files?path=%2Fhome%2Ftest%40test.dk"
              onClick={[Function]}
            >
              <button
                className="c12"
                color="blue"
              >
                Explore files
              </button>
            </a>
          </div>
          <div
            className="c13"
            fontSize="large"
          />
        </div>
      </div>
      <div
        className="c4"
        height="auto"
        overflow="hidden"
        width={1}
      >
        <div
          className="c5"
        >
          <h4
            className="c6"
            cursor="inherit"
            fontSize={3}
          >
            Recent Jobs
          </h4>
        </div>
        <div
          className="c7"
        >
          <div
            className="c8"
          />
          <div
            className="c9"
          >
            <div
              className="c10"
              cursor="inherit"
              fontSize="16px"
            >
              No recent jobs
            </div>
            <a
              className="c11"
              color="text"
              hoverColor="textHighlight"
              href="/applications/overview"
              onClick={[Function]}
            >
              <button
                className="c12"
                color="blue"
              >
                Explore apps
              </button>
            </a>
          </div>
          <div
            className="c13"
            fontSize="large"
          />
        </div>
      </div>
      <div
        className="c4"
        height="auto"
        overflow="hidden"
        width={1}
      >
        <div
          className="c14"
        >
          <h4
            className="c6"
            cursor="inherit"
            fontSize={3}
          >
            Recent Notifications
          </h4>
          <div
            className="c15"
          />
          <svg
            className="c16"
            clipRule="evenodd"
            color="iconColor"
            color2=""
            cursor="pointer"
            fill="currentcolor"
            fillRule="evenodd"
            height={24}
            onClick={[Function]}
            title="Mark all as read"
            viewBox="0 0 25 19"
            width={24}
          >
            <path
              d="M7.999 15l-6-6.019-2 2.02 8 8 16-17-2.001-2-14 15z"
              fillRule="nonzero"
            />
            <path
              d="M13 16.962L14.999 19 24 9.96l-2-1.999-9 9z"
              fill={null}
              fillRule="nonzero"
            />
          </svg>
        </div>
        <h6
          className="c17"
          cursor="inherit"
          fontSize={0}
        >
          No notifications
        </h6>
        <div
          className="c13"
          fontSize="large"
        />
      </div>
      <div
        className="c4"
        height="auto"
        overflow="hidden"
        width={1}
      >
        <div
          className="c5"
        >
          <h4
            className="c6"
            cursor="inherit"
            fontSize={3}
          >
            Resources
          </h4>
        </div>
        <div
          className="c7"
        >
          <div
            className="c8"
          />
          <div
            className="c9"
          >
            <div
              className="c18"
              height={32}
              width={32}
            >
              <svg
                height={32}
                id="svg"
                version="1.1"
                viewBox="0 0 220 220"
                width={32}
                xmlns="http://www.w3.org/2000/svg"
                xmlnsXlink="http://www.w3.org/1999/xlink"
              >
                <path
                  d="M80.296,0.12l14.673,54.761l40.088,-40.088l-54.761,-14.673Z"
                />
                <path
                  d="M149.73,69.554l-14.673,-54.761l-40.088,40.088l54.761,14.673Z"
                />
                <path
                  d="M189.818,29.466l-54.761,-14.673l14.673,54.761l40.088,-40.088Z"
                />
                <path
                  d="M204.491,84.228l-14.673,-54.762l-40.088,40.088l54.761,14.674Z"
                />
                <path
                  d="M164.403,124.316l40.088,-40.088l-54.761,-14.674l14.673,54.762Z"
                />
                <path
                  d="M219.165,138.989l-14.674,-54.761l-40.088,40.088l54.762,14.673Z"
                />
                <path
                  d="M179.077,179.077l-14.674,-54.761l54.762,14.673l-40.088,40.088Z"
                />
                <path
                  d="M124.316,164.403l54.761,14.674l-14.674,-54.761l-40.087,40.087Z"
                />
                <path
                  d="M138.989,219.165l40.088,-40.088l-54.761,-14.674l14.673,54.762Z"
                />
                <path
                  d="M84.228,204.491l54.761,14.674l-14.673,-54.762l-40.088,40.088Z"
                />
                <path
                  d="M69.554,149.73l14.674,54.761l40.088,-40.088l-54.762,-14.673Z"
                />
                <path
                  d="M29.466,189.818l54.762,14.673l-14.674,-54.761l-40.088,40.088Z"
                />
                <path
                  d="M14.793,135.057l14.673,54.761l40.088,-40.088l-54.761,-14.673Z"
                />
                <path
                  d="M54.881,94.969l-40.088,40.088l54.761,14.673l-14.673,-54.761Z"
                />
                <path
                  d="M0.12,80.296l14.673,54.761l40.088,-40.088l-54.761,-14.673Z"
                />
                <path
                  d="M40.208,40.208l-40.088,40.088l54.761,14.673l-14.673,-54.761Z"
                />
                <path
                  d="M94.969,54.881l-54.761,-14.673l14.673,54.761l40.088,-40.088Z"
                />
                <path
                  d="M80.296,0.12l-40.088,40.088l54.761,14.673l-14.673,-54.761Z"
                />
              </svg>
            </div>
          </div>
          <div
            className="c19"
          />
          <div
            className="c9"
          >
            <div
              className="c18"
              height={32}
              width={32}
            >
              <svg
                height={32}
                id="svg"
                version="1.1"
                viewBox="0 0 220 220"
                width={32}
                xmlns="http://www.w3.org/2000/svg"
                xmlnsXlink="http://www.w3.org/1999/xlink"
              >
                <path
                  d="M80.296,0.12l14.673,54.761l40.088,-40.088l-54.761,-14.673Z"
                />
                <path
                  d="M149.73,69.554l-14.673,-54.761l-40.088,40.088l54.761,14.673Z"
                />
                <path
                  d="M189.818,29.466l-54.761,-14.673l14.673,54.761l40.088,-40.088Z"
                />
                <path
                  d="M204.491,84.228l-14.673,-54.762l-40.088,40.088l54.761,14.674Z"
                />
                <path
                  d="M164.403,124.316l40.088,-40.088l-54.761,-14.674l14.673,54.762Z"
                />
                <path
                  d="M219.165,138.989l-14.674,-54.761l-40.088,40.088l54.762,14.673Z"
                />
                <path
                  d="M179.077,179.077l-14.674,-54.761l54.762,14.673l-40.088,40.088Z"
                />
                <path
                  d="M124.316,164.403l54.761,14.674l-14.674,-54.761l-40.087,40.087Z"
                />
                <path
                  d="M138.989,219.165l40.088,-40.088l-54.761,-14.674l14.673,54.762Z"
                />
                <path
                  d="M84.228,204.491l54.761,14.674l-14.673,-54.762l-40.088,40.088Z"
                />
                <path
                  d="M69.554,149.73l14.674,54.761l40.088,-40.088l-54.762,-14.673Z"
                />
                <path
                  d="M29.466,189.818l54.762,14.673l-14.674,-54.761l-40.088,40.088Z"
                />
                <path
                  d="M14.793,135.057l14.673,54.761l40.088,-40.088l-54.761,-14.673Z"
                />
                <path
                  d="M54.881,94.969l-40.088,40.088l54.761,14.673l-14.673,-54.761Z"
                />
                <path
                  d="M0.12,80.296l14.673,54.761l40.088,-40.088l-54.761,-14.673Z"
                />
                <path
                  d="M40.208,40.208l-40.088,40.088l54.761,14.673l-14.673,-54.761Z"
                />
                <path
                  d="M94.969,54.881l-54.761,-14.673l14.673,54.761l40.088,-40.088Z"
                />
                <path
                  d="M80.296,0.12l-40.088,40.088l54.761,14.673l-14.673,-54.761Z"
                />
              </svg>
            </div>
          </div>
        </div>
      </div>
    </div>
  </div>
</div>
`;
