// Jest Snapshot v1, https://goo.gl/fbAQLP

exports[`Search component Mount search component 1`] = `"<div><h2 class=\\"ui header\\">Results matching ''</h2><div class=\\"sc-bZQynM cNFsWw\\"><div class=\\"sc-htpNat jGheMd\\"></div><div class=\\"sc-Rmtcm eGsgVr sc-htpNat juCdfa\\"><div class=\\"sc-bdVaJa hfvaUK\\"><span><div class=\\"sc-bZQynM bqIUrb\\"><div class=\\"sc-htpNat juCdfa\\"> Items per page 25</div><div class=\\"sc-htpNat juCdfa\\"><svg class=\\"sc-VigVT hlFKbn sc-gqjmRU eNpPdi\\" cursor=\\"auto\\" viewBox=\\"0 0 24 24\\" width=\\"24\\" height=\\"24\\" fill=\\"currentcolor\\"><path d=\\"M7.4,8l4.6,4.6L16.6,8L18,9.4l-6,6l-6-6L7.4,8z\\"></path></svg></div></div></span></div><i aria-hidden=\\"true\\" class=\\"sync small circular link loading icon\\"></i></div></div><div class=\\"ui centered middle aligned one column grid\\"><div class=\\"pagination-loader\\"><i aria-hidden=\\"true\\" class=\\"circle notched loading icon pagination-list-loading\\"></i></div></div><div></div></div>"`;
