// Jest Snapshot v1, https://goo.gl/fbAQLP

exports[`View component Mount view 1`] = `
Array [
  <div
    className="sc-bdVaJa jIaizL"
  >
    <h2
      className="sc-EHOje iXGhfy"
      cursor="inherit"
      fontSize={5}
    >
      Untitled project
    </h2>
    <div
      className="sc-ifAKCX hEFUra"
    />
  </div>,
  <div
    className="sc-ifAKCX iCcktw"
  >
    <div
      className="sc-bdVaJa cqSMqG"
      width={
        Array [
          1,
          0.8125,
        ]
      }
    >
      <div
        className="sc-bdVaJa sc-jTzLTM dtQBbz"
      >
        <div
          className="sc-bdVaJa tfARS"
        >
          <h4
            className="sc-EHOje iCzVTA"
            cursor="inherit"
            fontSize={3}
          >
            <div
              className="sc-ifAKCX hEFUra"
            >
              <div
                className="sc-bdVaJa hJeWHc"
                width="20%"
              >
                <div
                  className="sc-EHOje jgUTdN"
                  cursor="inherit"
                >
                  <i
                    className="fas fa-hand-pointer"
                  />
                </div>
              </div>
              <div
                className="sc-bdVaJa fcWbLF"
                width="80%"
              >
                Actions
              </div>
            </div>
          </h4>
          <a
            className="sc-hMqMXs eXJRRJ"
            color="text"
            hoverColor="textHighlight"
            href="/projects/edit?filePath=%2Fhome%2Fjonas%40hinchely.dk%2FThe%20Project"
            mb="1em"
            onClick={[Function]}
          >
            <button
              className="sc-htoDjs hLNMPh"
              color="blue"
              size="small"
            >
              <i
                className="far fa-edit"
                style={
                  Object {
                    "paddingRight": "0.4em",
                  }
                }
              />
              Edit
            </button>
          </a>
          <h4
            className="sc-EHOje iCzVTA"
            cursor="inherit"
            fontSize={3}
          >
            <div
              className="sc-ifAKCX hEFUra"
            >
              <div
                className="sc-bdVaJa hJeWHc"
                width="20%"
              >
                <div
                  className="sc-EHOje jgUTdN"
                  cursor="inherit"
                >
                  <i
                    className="fas fa-info"
                  />
                </div>
              </div>
              <div
                className="sc-bdVaJa fcWbLF"
                width="80%"
              >
                About
              </div>
            </div>
          </h4>
          <div
            className="sc-bdVaJa sc-gipzik hpKfbc"
            fontSize="large"
          >
            <a
              href="https://spdx.org/licenses/AML.html"
              rel="noopener"
              target="_blank"
            >
              <button
                className="sc-htoDjs hLNMPh"
                color="blue"
                size="small"
              >
                <i
                  className="fas fa-book"
                  style={
                    Object {
                      "paddingRight": "0.4em",
                    }
                  }
                />
                <span
                  className="sc-EHOje cJvdXR"
                  cursor="inherit"
                >
                  AML
                </span>
                <span
                  className="sc-EHOje gsjfYZ"
                  color="lightGray"
                  cursor="inherit"
                >
                  License
                </span>
              </button>
            </a>
          </div>
          <h4
            className="sc-EHOje iCzVTA"
            cursor="inherit"
            fontSize={3}
          >
            <div
              className="sc-ifAKCX hEFUra"
            >
              <div
                className="sc-bdVaJa hJeWHc"
                width="20%"
              >
                <div
                  className="sc-EHOje jgUTdN"
                  cursor="inherit"
                >
                  <i
                    className="fas fa-hashtag"
                  />
                </div>
              </div>
              <div
                className="sc-bdVaJa fcWbLF"
                width="80%"
              >
                Keywords
              </div>
            </div>
          </h4>
          <div
            className="sc-bdVaJa sc-gipzik dPbgGA"
            fontSize="large"
          >
            <div
              className="sc-jWBwVP kfhpxH"
              color="black"
              fontSize={0}
            >
              Example
            </div>
          </div>
          <h4
            className="sc-EHOje iCzVTA"
            cursor="inherit"
            fontSize={3}
          >
            <div
              className="sc-ifAKCX hEFUra"
            >
              <div
                className="sc-bdVaJa hJeWHc"
                width="20%"
              >
                <div
                  className="sc-EHOje jgUTdN"
                  cursor="inherit"
                >
                  <i
                    className="fas fa-bookmark"
                  />
                </div>
              </div>
              <div
                className="sc-bdVaJa fcWbLF"
                width="80%"
              >
                References
              </div>
            </div>
          </h4>
          <div
            className="sc-bdVaJa sc-gipzik dPbgGA"
            fontSize="large"
          />
          <h4
            className="sc-EHOje iCzVTA"
            cursor="inherit"
            fontSize={3}
          >
            <div
              className="sc-ifAKCX hEFUra"
            >
              <div
                className="sc-bdVaJa hJeWHc"
                width="20%"
              >
                <div
                  className="sc-EHOje jgUTdN"
                  cursor="inherit"
                >
                  <i
                    className="fas fa-money-bill"
                  />
                </div>
              </div>
              <div
                className="sc-bdVaJa fcWbLF"
                width="80%"
              >
                Grants
              </div>
            </div>
          </h4>
          <div
            className="sc-bdVaJa sc-gipzik dPbgGA"
            fontSize="large"
          />
        </div>
      </div>
      <p>
        Project description goes here...
      </p>
    </div>
    <div
      className="sc-bdVaJa sc-jTzLTM jhzWaI"
      width={
        Array [
          0,
          0.1875,
        ]
      }
    >
      <div
        className="sc-bdVaJa hpQzLR"
      >
        <div
          className="sc-bdVaJa tfARS"
        >
          <h4
            className="sc-EHOje iCzVTA"
            cursor="inherit"
            fontSize={3}
          >
            <div
              className="sc-ifAKCX hEFUra"
            >
              <div
                className="sc-bdVaJa hJeWHc"
                width="20%"
              >
                <div
                  className="sc-EHOje jgUTdN"
                  cursor="inherit"
                >
                  <i
                    className="fas fa-hand-pointer"
                  />
                </div>
              </div>
              <div
                className="sc-bdVaJa fcWbLF"
                width="80%"
              >
                Actions
              </div>
            </div>
          </h4>
          <a
            className="sc-hMqMXs eXJRRJ"
            color="text"
            hoverColor="textHighlight"
            href="/projects/edit?filePath=%2Fhome%2Fjonas%40hinchely.dk%2FThe%20Project"
            mb="1em"
            onClick={[Function]}
          >
            <button
              className="sc-htoDjs hLNMPh"
              color="blue"
              size="small"
            >
              <i
                className="far fa-edit"
                style={
                  Object {
                    "paddingRight": "0.4em",
                  }
                }
              />
              Edit
            </button>
          </a>
          <h4
            className="sc-EHOje iCzVTA"
            cursor="inherit"
            fontSize={3}
          >
            <div
              className="sc-ifAKCX hEFUra"
            >
              <div
                className="sc-bdVaJa hJeWHc"
                width="20%"
              >
                <div
                  className="sc-EHOje jgUTdN"
                  cursor="inherit"
                >
                  <i
                    className="fas fa-info"
                  />
                </div>
              </div>
              <div
                className="sc-bdVaJa fcWbLF"
                width="80%"
              >
                About
              </div>
            </div>
          </h4>
          <div
            className="sc-bdVaJa sc-gipzik hpKfbc"
            fontSize="large"
          >
            <a
              href="https://spdx.org/licenses/AML.html"
              rel="noopener"
              target="_blank"
            >
              <button
                className="sc-htoDjs hLNMPh"
                color="blue"
                size="small"
              >
                <i
                  className="fas fa-book"
                  style={
                    Object {
                      "paddingRight": "0.4em",
                    }
                  }
                />
                <span
                  className="sc-EHOje cJvdXR"
                  cursor="inherit"
                >
                  AML
                </span>
                <span
                  className="sc-EHOje gsjfYZ"
                  color="lightGray"
                  cursor="inherit"
                >
                  License
                </span>
              </button>
            </a>
          </div>
          <h4
            className="sc-EHOje iCzVTA"
            cursor="inherit"
            fontSize={3}
          >
            <div
              className="sc-ifAKCX hEFUra"
            >
              <div
                className="sc-bdVaJa hJeWHc"
                width="20%"
              >
                <div
                  className="sc-EHOje jgUTdN"
                  cursor="inherit"
                >
                  <i
                    className="fas fa-hashtag"
                  />
                </div>
              </div>
              <div
                className="sc-bdVaJa fcWbLF"
                width="80%"
              >
                Keywords
              </div>
            </div>
          </h4>
          <div
            className="sc-bdVaJa sc-gipzik dPbgGA"
            fontSize="large"
          >
            <div
              className="sc-jWBwVP kfhpxH"
              color="black"
              fontSize={0}
            >
              Example
            </div>
          </div>
          <h4
            className="sc-EHOje iCzVTA"
            cursor="inherit"
            fontSize={3}
          >
            <div
              className="sc-ifAKCX hEFUra"
            >
              <div
                className="sc-bdVaJa hJeWHc"
                width="20%"
              >
                <div
                  className="sc-EHOje jgUTdN"
                  cursor="inherit"
                >
                  <i
                    className="fas fa-bookmark"
                  />
                </div>
              </div>
              <div
                className="sc-bdVaJa fcWbLF"
                width="80%"
              >
                References
              </div>
            </div>
          </h4>
          <div
            className="sc-bdVaJa sc-gipzik dPbgGA"
            fontSize="large"
          />
          <h4
            className="sc-EHOje iCzVTA"
            cursor="inherit"
            fontSize={3}
          >
            <div
              className="sc-ifAKCX hEFUra"
            >
              <div
                className="sc-bdVaJa hJeWHc"
                width="20%"
              >
                <div
                  className="sc-EHOje jgUTdN"
                  cursor="inherit"
                >
                  <i
                    className="fas fa-money-bill"
                  />
                </div>
              </div>
              <div
                className="sc-bdVaJa fcWbLF"
                width="80%"
              >
                Grants
              </div>
            </div>
          </h4>
          <div
            className="sc-bdVaJa sc-gipzik dPbgGA"
            fontSize="large"
          />
        </div>
      </div>
    </div>
  </div>,
]
`;
