// Jest Snapshot v1, https://goo.gl/fbAQLP

exports[`Single Application Component Render Single Application 1`] = `
<div
  className="sc-kGXeez cABhMr"
  height={212}
  width={252}
>
  <div
    className="sc-gipzik hYhsek"
  >
    <div
      className="sc-bdVaJa bQBfBb"
    >
      <div
        className="sc-bdVaJa bQBfBb"
        style={
          Object {
            "background": "#E91E63",
          }
        }
      >
        <img
          className="sc-hMqMXs iipvbU"
          src={[Function]}
          style={
            Object {
              "opacity": 0.4,
            }
          }
        />
      </div>
      <div
        className="sc-bwzfXH hDECRi"
      >
        <div
          className="sc-EHOje jjZauP"
          color="white"
          cursor="inherit"
          fontSize={2}
        >
          PALMS
        </div>
      </div>
      <div
        className="sc-bwzfXH iLsITc"
      >
        <div
          className="sc-EHOje irgxuc"
          color="white"
          cursor="inherit"
          fontSize="xxs-small"
        >
          v 
          1.0.0
        </div>
      </div>
      <div
        className="sc-bwzfXH hTtHjt"
      >
        <svg
          className="sc-gZMcBi gyTeqP sc-iwsKbI jzxgXF"
          color="red"
          cursor="pointer"
          fill="currentcolor"
          height={24}
          onClick={[Function]}
          viewBox="0 0 23 22"
          width={24}
        >
          <path
            d="M14.939 7.146l7.886 1.146-5.707 5.562 1.347 7.854L11.412 18 4.36 21.708l1.347-7.854L0 8.292l7.886-1.146L11.412 0l3.527 7.146zM9.878 9.888l-3.432.498 2.483 2.42-.586 3.418 3.07-1.614 3.068 1.614-.586-3.417 2.483-2.42-3.431-.499-1.535-3.11-1.534 3.11z"
            fill="#c00"
          />
        </svg>
      </div>
      <div
        className="sc-bwzfXH biWzgY"
      >
        <div
          className="sc-dnqmqq gAvPes"
          color="white"
          title="by Dan Sebastian Thrane <dthrane@imada.sdu.dk>"
          width={180}
        >
          by 
          Dan Sebastian Thrane &lt;dthrane@imada.sdu.dk&gt;
        </div>
      </div>
      <div
        className="sc-bwzfXH cebrxn"
      >
        <a
          className="sc-cMljjf gvnKqJ"
          color="black"
          href="/applications/palms/1.0.0/"
          onClick={[Function]}
          theme={
            Object {
              "bold": 400,
              "boxShadows": Array [
                "0 0 2px 0 rgba(0,0,0,.08),0 1px 4px 0 rgba(0,0,0,.16)",
                "0 0 2px 0 rgba(0,0,0,.08),0 2px 8px 0 rgba(0,0,0,.16)",
                "0 0 2px 0 rgba(0,0,0,.08),0 4px 16px 0 rgba(0,0,0,.16)",
                "0 0 2px 0 rgba(0,0,0,.08),0 8px 32px 0 rgba(0,0,0,.16)",
              ],
              "breakpoints": Array [
                "32em",
                "40em",
                "48em",
                "64em",
              ],
              "colorStyles": Object {
                "blueOnLightBlue": Object {
                  "backgroundColor": "#cdf",
                  "color": "#0055d5",
                },
                "blueOnWhite": Object {
                  "backgroundColor": "#fff",
                  "color": "#0055d5",
                },
                "danger": Object {
                  "backgroundColor": "#c00",
                  "color": "#fff",
                },
                "grayOnWhite": Object {
                  "backgroundColor": "#fff",
                  "color": "#c9d3df",
                },
                "greenOnLightGreen": Object {
                  "backgroundColor": "#cec",
                  "color": "#0a0",
                },
                "greenOnWhite": Object {
                  "backgroundColor": "#fff",
                  "color": "#0a0",
                },
                "info": Object {
                  "backgroundColor": "#ebeff3",
                  "color": "#001833",
                },
                "purpleOnLightPurple": Object {
                  "backgroundColor": "#ecf",
                  "color": "#70b",
                },
                "purpleOnWhite": Object {
                  "backgroundColor": "#fff",
                  "color": "#70b",
                },
                "redOnLightRed": Object {
                  "backgroundColor": "#fcc",
                  "color": "#c00",
                },
                "redOnWhite": Object {
                  "backgroundColor": "#fff",
                  "color": "#c00",
                },
                "success": Object {
                  "backgroundColor": "#0a0",
                  "color": "#fff",
                },
                "textOnLightGray": Object {
                  "backgroundColor": "#ebeff3",
                  "color": "#001833",
                },
                "textOnOrange": Object {
                  "backgroundColor": "#fa0",
                  "color": "#001833",
                },
                "textOnWhite": Object {
                  "backgroundColor": "#fff",
                  "color": "#001833",
                },
                "warning": Object {
                  "backgroundColor": "#fa0",
                  "color": "#001833",
                },
                "whiteOnBlue": Object {
                  "backgroundColor": "#0055d5",
                  "color": "#fff",
                },
                "whiteOnDarkOrange": Object {
                  "backgroundColor": "#a50",
                  "color": "#fff",
                },
                "whiteOnGray": Object {
                  "backgroundColor": "#c9d3df",
                  "color": "#fff",
                },
                "whiteOnGreen": Object {
                  "backgroundColor": "#0a0",
                  "color": "#fff",
                },
                "whiteOnPurple": Object {
                  "backgroundColor": "#70b",
                  "color": "#fff",
                },
                "whiteOnRed": Object {
                  "backgroundColor": "#c00",
                  "color": "#fff",
                },
                "whiteOnText": Object {
                  "backgroundColor": "#001833",
                  "color": "#fff",
                },
              },
              "colors": Object {
                "black": "#000",
                "blue": "#0055d5",
                "borderGray": "#d1d6db",
                "darkBlue": "#049",
                "darkGray": "#53657d",
                "darkGreen": "#060",
                "darkOrange": "#a50",
                "darkRed": "#800",
                "gray": "#c9d3df",
                "green": "#0a0",
                "lightBlue": "#cdf",
                "lightGray": "#ebeff3",
                "lightGreen": "#cec",
                "lightPurple": "#ecf",
                "lightRed": "#fcc",
                "midGray": "#53657d",
                "orange": "#fa0",
                "paginationHoverColor": "#f7f7f7",
                "purple": "#70b",
                "red": "#c00",
                "text": "#001833",
                "white": "#fff",
              },
              "duration": Object {
                "fast": "150ms",
                "normal": "300ms",
                "slow": "450ms",
                "slowest": "600ms",
              },
              "fontFamily": "'IBM Plex Sans',sans-serif",
              "fontSizes": Array [
                12,
                14,
                16,
                20,
                24,
                32,
                40,
                56,
                72,
              ],
              "fontWeights": Object {
                "bold": 400,
                "medium": 300,
                "regular": 300,
              },
              "letterSpacings": Object {
                "caps": "0.025em",
                "normal": "normal",
              },
              "lineHeights": Object {
                "display": 1.25,
                "standard": 1.5,
              },
              "maxContainerWidth": "1280px",
              "mediaQueries": Array [
                "@media screen and (min-width:32em)",
                "@media screen and (min-width:40em)",
                "@media screen and (min-width:48em)",
                "@media screen and (min-width:64em)",
              ],
              "radii": Array [
                0,
                2,
                6,
              ],
              "radius": "2px",
              "regular": 300,
              "space": Array [
                0,
                4,
                8,
                16,
                32,
                64,
                128,
              ],
              "textStyles": Object {
                "body0": Object {
                  "fontSize": "12px",
                  "fontWeight": 300,
                  "lineHeight": 1.5,
                },
                "body1": Object {
                  "fontSize": "14px",
                  "fontWeight": 300,
                  "lineHeight": 1.5,
                },
                "body2": Object {
                  "fontSize": "16px",
                  "fontWeight": 300,
                  "lineHeight": 1.5,
                },
                "display0": Object {
                  "fontSize": "12px",
                  "fontWeight": 400,
                  "letterSpacing": "0.025em",
                  "lineHeight": 1.25,
                  "textTransform": "uppercase",
                },
                "display1": Object {
                  "fontSize": "14px",
                  "fontWeight": 400,
                  "lineHeight": 1.25,
                },
                "display2": Object {
                  "fontSize": "16px",
                  "fontWeight": 400,
                  "lineHeight": 1.25,
                },
                "display3": Object {
                  "fontSize": "20px",
                  "fontWeight": 400,
                  "lineHeight": 1.25,
                },
                "display4": Object {
                  "fontSize": "24px",
                  "fontWeight": 400,
                  "lineHeight": 1.25,
                },
                "display5": Object {
                  "fontSize": "32px",
                  "fontWeight": 400,
                  "lineHeight": 1.25,
                },
                "display6": Object {
                  "fontSize": "40px",
                  "fontWeight": 400,
                  "lineHeight": 1.25,
                },
                "display7": Object {
                  "fontSize": "56px",
                  "fontWeight": 400,
                  "lineHeight": 1.25,
                },
                "display8": Object {
                  "fontSize": "72px",
                  "fontWeight": 400,
                  "lineHeight": 1.25,
                },
              },
              "timingFunctions": Object {
                "easeIn": "cubic-bezier(0.5, 0, 1, 1)",
                "easeInOut": "cubic-bezier(0.5, 0, 0.25, 1)",
                "easeOut": "cubic-bezier(0, 0, 0.25, 1)",
              },
              "transitionDelays": Object {
                "large": "260ms",
                "medium": "160ms",
                "small": "60ms",
                "xLarge": "360ms",
              },
            }
          }
        >
          <svg
            className="sc-dxgOiQ jQZQST sc-iwsKbI fSJFTj"
            cursor="pointer"
            fill="currentcolor"
            height={38}
            viewBox="0 0 32 36"
            width={38}
          >
            <path
              d="M0 2.04C0 1.3.37.65 1.02.28c.65-.37 1.4-.37 2.04.02l27.27 15.88c.64.37 1 1 1 1.74 0 .73-.36 1.38-1 1.75L3.06 35.55a2 2 0 0 1-2.04.01A1.98 1.98 0 0 1 0 33.8V2.04z"
              fill="#8393a7"
            />
          </svg>
        </a>
      </div>
    </div>
  </div>
  <div
    className="sc-gipzik hYhsek"
  >
    <div
      className="sc-bwzfXH bVqAki"
    >
      <div
        className="sc-EHOje kvayUm"
        cursor="inherit"
      >
        The central role of places in which physical activity (PA) is done is now widely recognized, so it i
      </div>
    </div>
  </div>
</div>
`;
