// Jest Snapshot v1, https://goo.gl/fbAQLP

exports[`RunApp component Mount 1`] = `
<div
  className="ui container sixteen column grid"
>
  <div
    className="sixteen wide column"
  >
    <i
      aria-hidden="true"
      className="circle notched loading icon"
    />
    <h1
      className="ui header"
    >
      <div
        className="content float-right"
      >
        <button
          className="ui button"
          onClick={[Function]}
          role="button"
        >
          Export parameters
        </button>
        <label
          className="ui button"
          onClick={[Function]}
          role="button"
        >
          Import parameters
          <input
            className="import-parameters"
            onChange={[Function]}
            type="file"
          />
        </label>
        <a
          className="ui blue basic button"
          href="/appDetails/appName/appVersion/"
          onClick={[Function]}
          role="button"
        >
          More information
        </a>
      </div>
      <div
        className="content"
      >
        appName
        <span
          className="app-favorite-padding"
        >
          <div
            className="ui star huge rating"
            onClick={[Function]}
            onMouseLeave={[Function]}
            role="radiogroup"
          >
            <i
              aria-checked={false}
              aria-posinset={1}
              aria-setsize={1}
              className="icon"
              onClick={[Function]}
              onKeyUp={[Function]}
              onMouseEnter={[Function]}
              role="radio"
              tabIndex={0}
            />
          </div>
        </span>
        <h4>
          appVersion
        </h4>
        <h4>
          Author
          : 
          
        </h4>
      </div>
    </h1>
    <form
      className="ui form"
      onSubmit={[Function]}
    >
      <div
        className="disabled field"
      >
        <label>
          Jobname
        </label>
        <div
          className="ui disabled input"
        >
          <input
            disabled={true}
            onChange={[Function]}
            placeholder="Jobname will be assigned if field left empty"
            tabIndex={-1}
            type="text"
          />
        </div>
      </div>
      <div
        className="disabled field"
      >
        <label>
          Tags (Separated by space)
        </label>
        <div
          className="ui disabled input"
        >
          <input
            disabled={true}
            onChange={[Function]}
            placeholder="Assign tags to jobs"
            tabIndex={-1}
            type="text"
          />
        </div>
      </div>
      <div
        className="disabled field"
      >
        <label>
          Comment
        </label>
        <textarea
          disabled={true}
          onChange={[Function]}
          onInput={[Function]}
          placeholder="Comment..."
          rows={3}
          style={
            Object {
              "resize": "",
            }
          }
        />
      </div>
      <button
        className="ui blue button"
        onClick={[Function]}
        role="button"
      >
        Submit
      </button>
    </form>
  </div>
</div>
`;
