// Jest Snapshot v1, https://goo.gl/fbAQLP

exports[`Mount Activity Page 1`] = `
.c1 {
  cursor: auto;
  margin-left: 190px;
  padding-top: 48px;
  padding-bottom: 14px;
  padding-left: 14px;
  padding-right: 0;
  background-color: #fff;
}

.c6 {
  cursor: auto;
  margin-bottom: 16px;
}

.c14 {
  cursor: pointer;
  margin-left: -17px;
  padding-left: 15px;
  margin-right: -17px;
  width: auto;
}

.c17 {
  cursor: auto;
  padding-top: 96px;
  padding-right: 340px;
}

.c19 {
  cursor: inherit;
  display: -webkit-box;
  display: -webkit-flex;
  display: -ms-flexbox;
  display: flex;
  -webkit-box-pack: center;
  -webkit-justify-content: center;
  -ms-flex-pack: center;
  justify-content: center;
}

.c3 {
  cursor: inherit;
  font-size: 32px;
  margin: 0;
  font-weight: 700;
}

.c7 {
  cursor: inherit;
  font-size: 24px;
  margin: 0;
  font-weight: 400;
}

.c11 {
  cursor: pointer;
}

.c12 {
  -webkit-flex: none;
  -ms-flex: none;
  flex: none;
  vertical-align: middle;
  cursor: inherit;
  margin-left: .7em;
}

.c21 {
  -webkit-font-smoothing: antialiased;
  display: -webkit-inline-box;
  display: -webkit-inline-flex;
  display: -ms-inline-flexbox;
  display: inline-flex;
  -webkit-box-pack: center;
  -webkit-justify-content: center;
  -ms-flex-pack: center;
  justify-content: center;
  -webkit-align-items: center;
  -webkit-box-align: center;
  -ms-flex-align: center;
  align-items: center;
  text-align: center;
  -webkit-text-decoration: none;
  text-decoration: none;
  font-family: inherit;
  font-weight: 700;
  line-height: 1.5;
  cursor: pointer;
  border-radius: 5px;
  background-color: #006aff;
  color: #fff;
  border-width: 0;
  border-style: solid;
  -webkit-transition: cubic-bezier(0.5,0,0.25,1) 60ms;
  transition: cubic-bezier(0.5,0,0.25,1) 60ms;
  font-size: 14px;
  padding: 9.5px 18px;
}

.c21:disabled {
  opacity: 0.25;
}

.c21:focus {
  outline: none;
}

.c21:hover {
  -webkit-transform: scale(1.03);
  -ms-transform: scale(1.03);
  transform: scale(1.03);
}

.c9 {
  font-size: 10px;
  -webkit-letter-spacing: 0.2px;
  -moz-letter-spacing: 0.2px;
  -ms-letter-spacing: 0.2px;
  letter-spacing: 0.2px;
  display: block;
  margin: 0;
  font-size: 14px;
  color: #000;
  font-weight: 700;
  width: 100%;
}

.c10 {
  position: relative;
  display: inline-block;
}

.c10:hover > div {
  display: block;
}

.c13 {
  overflow: visible;
  border-bottom-left-radius: 5px;
  border-bottom-right-radius: 5px;
  border-top-left-radius: 5px;
  border-top-right-radius: 5px;
  box-shadow: 0px 3px 5px -1px rgba(0,0,0,0.2),0px 6px 10px 0px rgba(0,0,0,.14),0px 1px 18px 0px rgba(0,0,0,.12);
  position: absolute;
  background-color: #fff;
  color: #000;
  width: 138px;
  min-width: 138pxpx;
  padding: 12px 16px;
  z-index: 47;
  text-align: left;
  cursor: pointer;
  opacity: 0;
  pointer-events: none;
}

.c13 > *:hover:not(.c20) {
  background-color: rgba(0,0,0,0.05);
}

.c13 svg {
  margin-right: 1em;
}

.c13 > svg ~ span {
  margin-right: 1em;
}

.c4 {
  cursor: auto;
}

.c18 {
  cursor: auto;
}

.c15 {
  display: -webkit-box;
  display: -webkit-flex;
  display: -ms-flexbox;
  display: flex;
  -webkit-align-items: center;
  -webkit-box-align: center;
  -ms-flex-align: center;
  align-items: center;
  border-radius: 5px;
  border-width: 1px;
  border-style: solid;
  border-color: #c9d3df;
}

.c15 > .c0 {
  width: 100%;
  -webkit-flex: 1 1 auto;
  -ms-flex: 1 1 auto;
  flex: 1 1 auto;
}

.c15 .c22 {
  border: 0;
  box-shadow: none;
}

.c8 {
  cursor: pointer;
  -webkit-text-decoration: none;
  text-decoration: none;
  color: #1e252e;
}

.c8:hover {
  color: #006aff;
}

.c2 {
  cursor: auto;
  padding-top: 14px;
  padding-bottom: 14px;
  padding-left: 204px;
  padding-right: 14px;
  width: 100%;
  height: 96px;
  background-color: #fff;
  position: absolute;
  top: 48px;
  left: 0;
  position: fixed;
  z-index: 50;
}

.c5 {
  cursor: auto;
  padding-top: 144px;
  padding-left: 14px;
  padding-right: 14px;
  width: 340px;
  height: 100%;
  position: absolute;
  top: 0;
  right: 0;
  overflow-y: auto;
  position: fixed;
  z-index: 45;
}

.c16 {
  -webkit-appearance: none;
  -moz-appearance: none;
  appearance: none;
  display: block;
  width: 100%;
  font-family: inherit;
  color: inherit;
  font-size: 14px;
  background-color: transparent;
  border-radius: 5px;
  border-width: 0px;
  border-style: solid;
  border-color: #c9d3df;
  padding-top: 14px;
  padding-bottom: 14px;
  padding-left: 12px;
  padding-right: 12px;
  margin: 0;
}

.c16::-webkit-input-placeholder {
  color: #8393A7;
}

.c16::-moz-placeholder {
  color: #8393A7;
}

.c16:-ms-input-placeholder {
  color: #8393A7;
}

.c16::placeholder {
  color: #8393A7;
}

.c16::-ms-clear {
  display: none;
}

@media screen and (max-width:511px) {
  .c4 {
    display: none;
  }
}

@media screen and (min-width:512px) and (max-width:639px) {
  .c4 {
    display: none;
  }
}

@media screen and (min-width:640px) and (max-width:767px) {
  .c4 {
    display: none;
  }
}

@media screen and (min-width:768px) and (max-width:1023px) {
  .c18 {
    display: none;
  }
}

@media screen and (min-width:1024px) and (max-width:1279px) {
  .c18 {
    display: none;
  }
}

@media screen and (min-width:1280px) {
  .c18 {
    display: none;
  }
}

<div
  className="c0 c1"
  cursor="auto"
>
  <div
    className="c0 c2"
    cursor="auto"
    height={96}
    width={1}
  >
    <h2
      className="c3"
      cursor="inherit"
      fontSize={5}
    >
      File Activity
    </h2>
  </div>
  <div
    className="c0 c4"
    cursor="auto"
  >
    <div
      className="c0 c5"
      cursor="auto"
      height="100%"
      width={340}
    >
      <div
        className="c0 c6"
        cursor="auto"
      >
        <h3
          className="c7"
          cursor="inherit"
          fontSize={4}
        >
          Quick Filters
        </h3>
        <div
          className="c0 c6"
          cursor="auto"
        >
          <a
            className="c8"
            color="text"
            href="#"
            onClick={[Function]}
            style={
              Object {
                "display": "block",
              }
            }
          >
            Today
          </a>
          <a
            className="c8"
            color="text"
            href="#"
            onClick={[Function]}
            style={
              Object {
                "display": "block",
              }
            }
          >
            Yesterday
          </a>
          <a
            className="c8"
            color="text"
            href="#"
            onClick={[Function]}
            style={
              Object {
                "display": "block",
              }
            }
          >
            This week
          </a>
          <a
            className="c8"
            color="text"
            href="#"
            onClick={[Function]}
            style={
              Object {
                "display": "block",
              }
            }
          >
            No filter
          </a>
        </div>
      </div>
      <h3
        className="c7"
        cursor="inherit"
        fontSize={4}
      >
        Active Filters
      </h3>
      <div
        className="c0 c6"
        cursor="auto"
      >
        <label
          className="c9"
          color="black"
          fontSize={1}
          fontWeight="bold"
          width="100%"
        >
          Filter by event type
        </label>
        <div
          className="c10"
          data-tag="dropdown"
        >
          <span
            className="c11"
            cursor="pointer"
            onClick={[Function]}
          >
            Don't filter
            <svg
              className="c12"
              clipRule="evenodd"
              cursor="inherit"
              fill="currentcolor"
              fillRule="evenodd"
              height=".7em"
              ml=".7em"
              viewBox="0 0 24 12"
              width=".7em"
            >
              <path
                d="M0 0l11.959 12 12-12H0z"
              />
            </svg>
          </span>
          <div
            className="c13"
            color="black"
            cursor="pointer"
            disabled={false}
            onClick={[Function]}
            overflow="visible"
            width="138px"
          >
            <div
              className="c0 c14"
              cursor="pointer"
              onClick={[Function]}
              width="auto"
            >
              Don't filter
            </div>
            <div
              className="c0 c14"
              cursor="pointer"
              onClick={[Function]}
              width="auto"
            >
              Deletions
            </div>
            <div
              className="c0 c14"
              cursor="pointer"
              onClick={[Function]}
              width="auto"
            >
              Downloads
            </div>
            <div
              className="c0 c14"
              cursor="pointer"
              onClick={[Function]}
              width="auto"
            >
              Favorites
            </div>
            <div
              className="c0 c14"
              cursor="pointer"
              onClick={[Function]}
              width="auto"
            >
              Inspections
            </div>
            <div
              className="c0 c14"
              cursor="pointer"
              onClick={[Function]}
              width="auto"
            >
              Moves
            </div>
            <div
              className="c0 c14"
              cursor="pointer"
              onClick={[Function]}
              width="auto"
            >
              Updates
            </div>
          </div>
        </div>
      </div>
      <div
        className="c0 c6"
        cursor="auto"
      >
        <label
          className="c9"
          color="black"
          fontSize={1}
          fontWeight="bold"
          width="100%"
        >
          Event created after
        </label>
        <div
          className="c15"
        >
          <div
            className="react-datepicker-wrapper"
          >
            <div
              className="react-datepicker__input-container"
            >
              <input
                className="c16"
                disabled={false}
                onBlur={[Function]}
                onChange={[Function]}
                onClick={[Function]}
                onFocus={[Function]}
                onKeyDown={[Function]}
                placeholder="Don't filter"
                readOnly={false}
                type="text"
                value=""
              />
            </div>
          </div>
        </div>
      </div>
      <div
        className="c0 c6"
        cursor="auto"
      >
        <label
          className="c9"
          color="black"
          fontSize={1}
          fontWeight="bold"
          width="100%"
        >
          Event created before
        </label>
        <div
          className="c15"
        >
          <div
            className="react-datepicker-wrapper"
          >
            <div
              className="react-datepicker__input-container"
            >
              <input
                className="c16"
                disabled={false}
                onBlur={[Function]}
                onChange={[Function]}
                onClick={[Function]}
                onFocus={[Function]}
                onKeyDown={[Function]}
                placeholder="Don't filter"
                readOnly={false}
                type="text"
                value=""
              />
            </div>
          </div>
        </div>
      </div>
    </div>
  </div>
  <div
    className="c0 c17"
    cursor="auto"
  >
    <div
      className="c0 c18"
      cursor="auto"
    >
      <div
        className="c0 c6"
        cursor="auto"
      >
        <h3
          className="c7"
          cursor="inherit"
          fontSize={4}
        >
          Quick Filters
        </h3>
        <div
          className="c0 c6"
          cursor="auto"
        >
          <a
            className="c8"
            color="text"
            href="#"
            onClick={[Function]}
            style={
              Object {
                "display": "block",
              }
            }
          >
            Today
          </a>
          <a
            className="c8"
            color="text"
            href="#"
            onClick={[Function]}
            style={
              Object {
                "display": "block",
              }
            }
          >
            Yesterday
          </a>
          <a
            className="c8"
            color="text"
            href="#"
            onClick={[Function]}
            style={
              Object {
                "display": "block",
              }
            }
          >
            This week
          </a>
          <a
            className="c8"
            color="text"
            href="#"
            onClick={[Function]}
            style={
              Object {
                "display": "block",
              }
            }
          >
            No filter
          </a>
        </div>
      </div>
      <h3
        className="c7"
        cursor="inherit"
        fontSize={4}
      >
        Active Filters
      </h3>
      <div
        className="c0 c6"
        cursor="auto"
      >
        <label
          className="c9"
          color="black"
          fontSize={1}
          fontWeight="bold"
          width="100%"
        >
          Filter by event type
        </label>
        <div
          className="c10"
          data-tag="dropdown"
        >
          <span
            className="c11"
            cursor="pointer"
            onClick={[Function]}
          >
            Don't filter
            <svg
              className="c12"
              clipRule="evenodd"
              cursor="inherit"
              fill="currentcolor"
              fillRule="evenodd"
              height=".7em"
              ml=".7em"
              viewBox="0 0 24 12"
              width=".7em"
            >
              <path
                d="M0 0l11.959 12 12-12H0z"
              />
            </svg>
          </span>
          <div
            className="c13"
            color="black"
            cursor="pointer"
            disabled={false}
            onClick={[Function]}
            overflow="visible"
            width="138px"
          >
            <div
              className="c0 c14"
              cursor="pointer"
              onClick={[Function]}
              width="auto"
            >
              Don't filter
            </div>
            <div
              className="c0 c14"
              cursor="pointer"
              onClick={[Function]}
              width="auto"
            >
              Deletions
            </div>
            <div
              className="c0 c14"
              cursor="pointer"
              onClick={[Function]}
              width="auto"
            >
              Downloads
            </div>
            <div
              className="c0 c14"
              cursor="pointer"
              onClick={[Function]}
              width="auto"
            >
              Favorites
            </div>
            <div
              className="c0 c14"
              cursor="pointer"
              onClick={[Function]}
              width="auto"
            >
              Inspections
            </div>
            <div
              className="c0 c14"
              cursor="pointer"
              onClick={[Function]}
              width="auto"
            >
              Moves
            </div>
            <div
              className="c0 c14"
              cursor="pointer"
              onClick={[Function]}
              width="auto"
            >
              Updates
            </div>
          </div>
        </div>
      </div>
      <div
        className="c0 c6"
        cursor="auto"
      >
        <label
          className="c9"
          color="black"
          fontSize={1}
          fontWeight="bold"
          width="100%"
        >
          Event created after
        </label>
        <div
          className="c15"
        >
          <div
            className="react-datepicker-wrapper"
          >
            <div
              className="react-datepicker__input-container"
            >
              <input
                className="c16"
                disabled={false}
                onBlur={[Function]}
                onChange={[Function]}
                onClick={[Function]}
                onFocus={[Function]}
                onKeyDown={[Function]}
                placeholder="Don't filter"
                readOnly={false}
                type="text"
                value=""
              />
            </div>
          </div>
        </div>
      </div>
      <div
        className="c0 c6"
        cursor="auto"
      >
        <label
          className="c9"
          color="black"
          fontSize={1}
          fontWeight="bold"
          width="100%"
        >
          Event created before
        </label>
        <div
          className="c15"
        >
          <div
            className="react-datepicker-wrapper"
          >
            <div
              className="react-datepicker__input-container"
            >
              <input
                className="c16"
                disabled={false}
                onBlur={[Function]}
                onChange={[Function]}
                onClick={[Function]}
                onFocus={[Function]}
                onKeyDown={[Function]}
                placeholder="Don't filter"
                readOnly={false}
                type="text"
                value=""
              />
            </div>
          </div>
        </div>
      </div>
    </div>
    <div>
      <h2
        className="c3"
        cursor="inherit"
        fontSize={5}
      >
        No results.
      </h2>
    </div>
    <div
      className="c19"
      cursor="inherit"
    >
      <button
        className="c20 c21"
        color="blue"
        disabled={false}
        onClick={[Function]}
      >
        Load more
      </button>
    </div>
  </div>
</div>
`;
