// Jest Snapshot v1, https://goo.gl/fbAQLP

exports[`FilesTable Mount 1`] = `
<Memo(ConnectFunction)
  fileOperations={Array []}
  files={Array []}
  onCheckFile={[Function]}
  refetchFiles={[Function]}
  sortBy="path"
  sortFiles={[Function]}
  sortOrder="ASCENDING"
  sortingColumns={
    Array [
      "acl",
      "createdAt",
    ]
  }
/>
`;
